ERROR: Unable to locate a modulefile for 'fsl/6.0.3'
/var/spool/slurmd/job315112/slurm_script: line 9: /etc/fslconf/fsl.sh: No such file or directory
============================================================
PEAK COORDINATE ANALYSIS
============================================================
Processing 50 subjects

=== sub-004 ses-01 ===
Traceback (most recent call last):
  File "/user_data/csimmon2/git_repos/sym_pt/B_analyses/05_calc_peak_coords.py", line 372, in <module>
    main()
  File "/user_data/csimmon2/git_repos/sym_pt/B_analyses/05_calc_peak_coords.py", line 324, in main
    results = process_subject(sub_clean, ses, first_ses)
  File "/user_data/csimmon2/git_repos/sym_pt/B_analyses/05_calc_peak_coords.py", line 177, in process_subject
    mni_xyz = native_voxel_to_mni_mm(peak_ijk, native_brain,
  File "/user_data/csimmon2/git_repos/sym_pt/B_analyses/05_calc_peak_coords.py", line 97, in native_voxel_to_mni_mm
    result = subprocess.run(cmd.split(), capture_output=True, text=True, check=True)
  File "/home/csimmon2/anaconda3/lib/python3.9/subprocess.py", line 505, in run
    with Popen(*popenargs, **kwargs) as process:
  File "/home/csimmon2/anaconda3/lib/python3.9/subprocess.py", line 951, in __init__
    self._execute_child(args, executable, preexec_fn, close_fds,
  File "/home/csimmon2/anaconda3/lib/python3.9/subprocess.py", line 1837, in _execute_child
    raise child_exception_type(errno_num, err_msg, err_filename)
FileNotFoundError: [Errno 2] No such file or directory: 'img2imgcoord'
