Loaded 47 subjects
OTC004 ses-01: 4 runs
  face l: r=-0.245 (925 voxels)
  house l: r=0.437 (925 voxels)
  object l: r=0.463 (925 voxels)
  word l: r=0.079 (925 voxels)
nonOTC007 ses-01: 4 runs
  face r: r=0.972 (925 voxels)
  house r: r=0.965 (925 voxels)
  object r: r=0.976 (925 voxels)
  word r: r=0.270 (925 voxels)
OTC008 ses-01: 6 runs
  face l: r=0.947 (925 voxels)
  house l: r=0.957 (925 voxels)
  object l: r=0.946 (925 voxels)
  word l: r=0.436 (925 voxels)
OTC010 ses-02: 2 runs
  face r: r=0.106 (925 voxels)
  house r: r=0.964 (925 voxels)
  object r: r=0.900 (925 voxels)
  word r: r=-0.060 (925 voxels)
control018 ses-02: 4 runs
  face l: r=0.915 (925 voxels)
  house l: r=0.963 (925 voxels)
  object l: r=0.904 (925 voxels)
  word l: r=0.757 (925 voxels)
  face r: r=0.874 (925 voxels)
  house r: r=0.976 (925 voxels)
  object r: r=0.928 (925 voxels)
  word r: r=0.743 (925 voxels)
OTC021 ses-02: 3 runs
  face r: no ROI
  house r: no ROI
  object r: no ROI
  word r: no ROI
control022 ses-01: 3 runs
  face l: r=0.914 (925 voxels)
  house l: r=0.554 (925 voxels)
  object l: r=0.990 (925 voxels)
  word l: r=0.928 (925 voxels)
  face r: r=0.908 (925 voxels)
  house r: r=0.704 (925 voxels)
  object r: r=0.970 (925 voxels)
  word r: r=0.296 (925 voxels)
control025 ses-01: 3 runs
  face l: r=0.882 (925 voxels)
  house l: r=0.964 (925 voxels)
  object l: r=0.991 (925 voxels)
  word l: r=0.697 (925 voxels)
  face r: r=0.631 (925 voxels)
  house r: r=0.965 (925 voxels)
  object r: r=0.951 (925 voxels)
  word r: no ROI
control027 ses-01: 3 runs
  face l: r=-0.235 (925 voxels)
  house l: r=0.361 (925 voxels)
  object l: r=0.287 (925 voxels)
  word l: r=0.285 (925 voxels)
  face r: r=0.605 (925 voxels)
  house r: r=0.650 (925 voxels)
  object r: r=0.560 (925 voxels)
  word r: r=0.358 (925 voxels)
control038 ses-02: 3 runs
  face l: r=0.926 (897 voxels)
  house l: r=0.940 (897 voxels)
  object l: r=0.855 (897 voxels)
  word l: r=0.930 (897 voxels)
  face r: r=0.775 (897 voxels)
  house r: r=0.935 (897 voxels)
  object r: r=0.693 (897 voxels)
  word r: no ROI
nonOTC045 ses-02: 3 runs
  face r: no ROI
  house r: no ROI
  object r: no ROI
  word r: no ROI
nonOTC047 ses-02: 2 runs
  face l: no ROI
  house l: no ROI
  object l: no ROI
  word l: no ROI
nonOTC049 ses-02: 2 runs
  face l: no ROI
  house l: no ROI
  object l: no ROI
  word l: no ROI
control052 ses-01: 2 runs
  face l: r=0.934 (925 voxels)
  house l: r=0.912 (925 voxels)
  object l: r=0.847 (925 voxels)
  word l: r=0.685 (925 voxels)
  face r: r=0.786 (925 voxels)
  house r: r=0.950 (925 voxels)
  object r: r=0.482 (925 voxels)
  word r: r=0.101 (925 voxels)
control057 ses-02: 3 runs
  face l: r=0.968 (899 voxels)
  house l: r=0.869 (899 voxels)
  object l: r=0.930 (899 voxels)
  word l: r=0.738 (899 voxels)
  face r: r=0.964 (899 voxels)
  house r: r=0.943 (899 voxels)
  object r: r=0.969 (899 voxels)
  word r: no ROI
control058 ses-01: 3 runs
  face l: r=0.756 (925 voxels)
  house l: r=0.960 (925 voxels)
  object l: r=0.935 (925 voxels)
  word l: r=0.564 (925 voxels)
  face r: r=0.950 (925 voxels)
  house r: r=0.966 (925 voxels)
  object r: r=0.946 (925 voxels)
  word r: r=0.135 (925 voxels)
control059 ses-02: 3 runs
  face l: r=-0.076 (899 voxels)
  house l: r=0.788 (899 voxels)
  object l: r=0.984 (899 voxels)
  word l: r=0.950 (899 voxels)
  face r: r=0.884 (899 voxels)
  house r: r=0.901 (899 voxels)
  object r: r=0.988 (899 voxels)
  word r: r=0.901 (899 voxels)
control062 ses-01: 3 runs
  face l: r=0.687 (925 voxels)
  house l: r=0.963 (925 voxels)
  object l: r=0.968 (925 voxels)
  word l: r=-0.100 (925 voxels)
  face r: r=0.977 (925 voxels)
  house r: r=0.955 (925 voxels)
  object r: r=0.986 (925 voxels)
  word r: no ROI
control064 ses-01: 3 runs
  face l: r=0.973 (925 voxels)
  house l: r=0.922 (925 voxels)
  object l: r=0.973 (925 voxels)
  word l: r=0.864 (925 voxels)
  face r: r=0.962 (925 voxels)
  house r: r=0.986 (925 voxels)
  object r: r=0.924 (925 voxels)
  word r: r=0.598 (925 voxels)
OTC066 ses-01: 3 runs
  face r: r=0.945 (895 voxels)
  house r: r=0.970 (895 voxels)
  object r: r=0.943 (895 voxels)
  word r: r=0.892 (895 voxels)
control067 ses-02: 2 runs
  face l: r=0.689 (923 voxels)
  house l: r=0.290 (923 voxels)
  object l: r=0.893 (923 voxels)
  word l: r=0.563 (923 voxels)
  face r: r=0.730 (923 voxels)
  house r: r=0.768 (923 voxels)
  object r: r=0.899 (923 voxels)
  word r: r=-0.262 (923 voxels)
control068 ses-02: 3 runs
  face l: r=0.944 (921 voxels)
  house l: r=0.913 (921 voxels)
  object l: r=0.958 (921 voxels)
  word l: r=0.908 (921 voxels)
  face r: r=0.920 (921 voxels)
  house r: r=0.463 (921 voxels)
  object r: r=0.963 (921 voxels)
  word r: no ROI
OTC069 ses-01: 3 runs
  face r: r=0.604 (897 voxels)
  house r: r=0.702 (897 voxels)
  object r: r=0.155 (897 voxels)
  word r: r=0.801 (897 voxels)
nonOTC070 ses-02: 3 runs
  face r: no ROI
  house r: no ROI
  object r: no ROI
  word r: no ROI
control071 ses-01: 2 runs
  face l: r=0.640 (925 voxels)
  house l: r=0.936 (925 voxels)
  object l: r=0.921 (925 voxels)
  word l: r=0.438 (925 voxels)
  face r: r=0.864 (925 voxels)
  house r: r=0.926 (925 voxels)
  object r: r=0.946 (925 voxels)
  word r: r=0.364 (925 voxels)
nonOTC072 ses-01: 3 runs
  face l: r=0.941 (895 voxels)
  house l: r=0.890 (895 voxels)
  object l: r=0.976 (895 voxels)
  word l: r=0.786 (895 voxels)
nonOTC073 ses-02: 3 runs
  face l: no ROI
  house l: no ROI
  object l: no ROI
  word l: no ROI
OTC074 ses-01: 3 runs
  face l: no ROI
  house l: r=0.563 (899 voxels)
  object l: r=0.685 (899 voxels)
  word l: no ROI
OTC075 ses-01: 3 runs
  face l: r=0.621 (899 voxels)
  house l: r=0.123 (899 voxels)
  object l: r=0.595 (899 voxels)
  word l: r=0.177 (899 voxels)
OTC076 ses-01: 3 runs
  face l: r=0.911 (899 voxels)
  house l: r=0.446 (899 voxels)
  object l: r=0.900 (899 voxels)
  word l: r=0.844 (899 voxels)
OTC077 ses-01: 3 runs
  face l: r=0.961 (923 voxels)
  house l: r=0.939 (923 voxels)
  object l: r=0.873 (923 voxels)
  word l: r=0.838 (923 voxels)
OTC078 ses-01: 3 runs
  face r: r=0.963 (897 voxels)
  house r: r=0.927 (897 voxels)
  object r: r=0.989 (897 voxels)
  word r: no ROI
OTC079 ses-01: 3 runs
  face r: r=0.957 (897 voxels)
  house r: r=0.980 (897 voxels)
  object r: r=0.933 (897 voxels)
  word r: no ROI
nonOTC081 ses-02: 2 runs
  face r: no ROI
  house r: no ROI
  object r: no ROI
  word r: no ROI
control084 ses-01: 3 runs
  face l: no ROI
  house l: r=0.369 (923 voxels)
  object l: r=0.828 (923 voxels)
  word l: no ROI
  face r: no ROI
  house r: r=0.451 (923 voxels)
  object r: r=0.903 (923 voxels)
  word r: no ROI
nonOTC086 ses-02: 2 runs
  face l: no ROI
  house l: no ROI
  object l: no ROI
  word l: no ROI
control087 ses-01: 3 runs
  face l: r=0.985 (897 voxels)
  house l: r=0.991 (897 voxels)
  object l: r=0.969 (897 voxels)
  word l: r=0.993 (897 voxels)
  face r: r=0.986 (897 voxels)
  house r: r=0.864 (897 voxels)
  object r: r=0.954 (897 voxels)
  word r: r=0.649 (897 voxels)
control088 ses-01: 3 runs
  face l: r=0.896 (897 voxels)
  house l: r=0.896 (897 voxels)
  object l: r=0.963 (897 voxels)
  word l: r=0.980 (897 voxels)
  face r: r=0.969 (897 voxels)
  house r: r=0.971 (897 voxels)
  object r: r=0.950 (897 voxels)
  word r: r=0.075 (897 voxels)
OTC089 ses-01: 3 runs
  face l: r=0.757 (897 voxels)
  house l: r=0.956 (897 voxels)
  object l: r=0.969 (897 voxels)
  word l: r=0.788 (897 voxels)
OTC090 ses-01: 3 runs
  face r: r=0.927 (897 voxels)
  house r: r=0.810 (897 voxels)
  object r: r=0.922 (897 voxels)
  word r: r=0.944 (897 voxels)
OTC091 ses-01: 3 runs
  face l: r=0.954 (925 voxels)
  house l: r=0.949 (925 voxels)
  object l: r=0.963 (925 voxels)
  word l: r=0.774 (925 voxels)
OTC092 ses-01: 3 runs
  face r: r=0.896 (923 voxels)
  house r: r=0.274 (923 voxels)
  object r: r=0.895 (923 voxels)
  word r: r=0.942 (923 voxels)
control093 ses-01: 3 runs
  face l: r=0.961 (925 voxels)
  house l: r=0.910 (925 voxels)
  object l: r=0.931 (925 voxels)
  word l: r=0.968 (925 voxels)
  face r: r=0.899 (925 voxels)
  house r: r=0.886 (925 voxels)
  object r: r=0.947 (925 voxels)
  word r: r=-0.059 (925 voxels)
control094 ses-01: 3 runs
  face l: r=0.929 (895 voxels)
  house l: r=0.908 (895 voxels)
  object l: r=0.970 (895 voxels)
  word l: r=0.233 (895 voxels)
  face r: r=0.986 (895 voxels)
  house r: r=0.741 (895 voxels)
  object r: r=0.961 (895 voxels)
  word r: r=0.744 (895 voxels)
control095 ses-01: 3 runs
  face l: r=0.893 (921 voxels)
  house l: r=0.984 (921 voxels)
  object l: r=0.792 (921 voxels)
  word l: r=0.682 (921 voxels)
  face r: r=0.905 (921 voxels)
  house r: r=0.907 (921 voxels)
  object r: r=0.955 (921 voxels)
  word r: no ROI
control096 ses-01: 3 runs
  face l: r=0.977 (899 voxels)
  house l: r=0.967 (899 voxels)
  object l: r=0.951 (899 voxels)
  word l: r=0.962 (899 voxels)
  face r: r=0.867 (899 voxels)
  house r: r=0.946 (899 voxels)
  object r: r=0.947 (899 voxels)
  word r: r=-0.006 (899 voxels)
control097 ses-01: 3 runs
  face l: r=0.983 (923 voxels)
  house l: r=0.612 (923 voxels)
  object l: r=0.977 (923 voxels)
  word l: r=0.932 (923 voxels)
  face r: r=0.950 (923 voxels)
  house r: r=0.927 (923 voxels)
  object r: r=0.969 (923 voxels)
  word r: r=0.855 (923 voxels)

Saved: /user_data/csimmon2/sym_pt/group_results/geometry/split_half_reliability.csv
Total rows: 230
Patients: 17
Controls: 22
