Loaded 47 subjects
OTC004 ses-01: 4 runs
  face l: r=-0.245 (925 voxels)
  house l: r=0.437 (925 voxels)
  object l: r=0.463 (925 voxels)
  word l: r=0.079 (925 voxels)
nonOTC007 ses-01: 4 runs
  face r: r=0.972 (925 voxels)
  house r: r=0.965 (925 voxels)
  object r: r=0.976 (925 voxels)
  word r: r=0.270 (925 voxels)
OTC008 ses-01: 6 runs
  face l: r=0.947 (925 voxels)
  house l: r=0.957 (925 voxels)
  object l: r=0.946 (925 voxels)
  word l: r=0.436 (925 voxels)
OTC010 ses-02: 2 runs
  face r: r=0.106 (925 voxels)
  house r: r=0.964 (925 voxels)
  object r: r=0.900 (925 voxels)
  word r: r=-0.060 (925 voxels)
control018 ses-02: 4 runs
  face l: r=0.915 (925 voxels)
  house l: r=0.963 (925 voxels)
  object l: r=0.904 (925 voxels)
  word l: r=0.757 (925 voxels)
  face r: r=0.874 (925 voxels)
  house r: r=0.976 (925 voxels)
  object r: r=0.928 (925 voxels)
  word r: r=0.743 (925 voxels)
OTC021 ses-02: 3 runs
  face r: no ROI
  house r: no ROI
  object r: no ROI
  word r: no ROI
control022 ses-01: 3 runs
  face l: r=0.914 (925 voxels)
  house l: r=0.554 (925 voxels)
  object l: r=0.990 (925 voxels)
  word l: r=0.928 (925 voxels)
  face r: r=0.908 (925 voxels)
  house r: r=0.704 (925 voxels)
  object r: r=0.970 (925 voxels)
  word r: r=0.296 (925 voxels)
control025 ses-01: 3 runs
  face l: r=0.882 (925 voxels)
  house l: r=0.964 (925 voxels)
  object l: r=0.991 (925 voxels)
  word l: r=0.697 (925 voxels)
  face r: r=0.631 (925 voxels)
  house r: r=0.965 (925 voxels)
  object r: r=0.951 (925 voxels)
  word r: no ROI
control027 ses-01: 3 runs
  face l: r=-0.235 (925 voxels)
  house l: r=0.361 (925 voxels)
  object l: r=0.287 (925 voxels)
  word l: r=0.285 (925 voxels)
  face r: r=0.605 (925 voxels)
  house r: r=0.650 (925 voxels)
  object r: r=0.560 (925 voxels)
  word r: r=0.358 (925 voxels)
control038 ses-02: 3 runs
  face l: r=0.926 (897 voxels)
  house l: r=0.940 (897 voxels)
  object l: r=0.855 (897 voxels)
/var/spool/slurmd/job327950/slurm_script: line 8: 673960 Killed                  python -u B_analyses/compute_split_half_reliability.py
slurmstepd: error: Detected 1 oom-kill event(s) in StepId=327950.batch cgroup. Some of your processes may have been killed by the cgroup out-of-memory handler.
