ERROR: Unable to locate a modulefile for 'fsl/6.0.3'
Processing sub-092 ses-01
Reference: ses-01
Registration needed: False
  cope1 zstat linked
  cope1 cope linked
  cope2 zstat linked
  cope2 cope linked
  cope3 zstat linked
  cope3 cope linked
  cope4 zstat linked
  cope4 cope linked
  cope5 zstat linked
  cope5 cope linked
  cope6 zstat linked
  cope6 cope linked
  cope7 zstat linked
  cope7 cope linked
  cope8 zstat linked
  cope8 cope linked
  cope9 zstat linked
  cope9 cope linked
  cope10 zstat linked
  cope10 cope linked
  cope11 zstat linked
  cope11 cope linked
  cope12 zstat linked
  cope12 cope linked
  cope13 zstat linked
  cope13 cope linked
  cope14 zstat linked
  cope14 cope linked
  cope15 zstat linked
  cope15 cope linked
  cope16 zstat linked
  cope16 cope linked
  cope17 zstat linked
  cope17 cope linked
  cope18 zstat linked
  cope18 cope linked
  cope19 zstat linked
  cope19 cope linked

Finished sub-092 ses-01
