ERROR: Unable to locate a modulefile for 'fsl/6.0.3'
Processing sub-108 ses-02
Reference: ses-01 anat
Found runs: ['01', '02', '03']

  Run 01:
    zstat1 done
    cope1 done
    zstat2 done
    cope2 done
    zstat3 done
    cope3 done
    zstat4 done
    cope4 done
    zstat5 done
    cope5 done
    zstat6 done
    cope6 done
    zstat7 done
    cope7 done
    zstat8 done
    cope8 done
    zstat9 done
    cope9 done
    zstat10 done
    cope10 done
    zstat11 done
    cope11 done
    zstat12 done
    cope12 done
    zstat13 done
    cope13 done
    zstat14 done
    cope14 done
    zstat15 done
    cope15 done
    zstat16 done
    cope16 done
    zstat17 done
    cope17 done
    zstat18 done
    cope18 done
    zstat19 done
    cope19 done

  Run 02:
    zstat1 done
    cope1 done
    zstat2 done
    cope2 done
    zstat3 done
    cope3 done
    zstat4 done
    cope4 done
    zstat5 done
    cope5 done
    zstat6 done
    cope6 done
    zstat7 done
    cope7 done
    zstat8 done
    cope8 done
    zstat9 done
    cope9 done
    zstat10 done
    cope10 done
    zstat11 done
    cope11 done
    zstat12 done
    cope12 done
    zstat13 done
    cope13 done
    zstat14 done
    cope14 done
    zstat15 done
    cope15 done
    zstat16 done
    cope16 done
    zstat17 done
    cope17 done
    zstat18 done
    cope18 done
    zstat19 done
    cope19 done

  Run 03:
    zstat1 done
    cope1 done
    zstat2 done
    cope2 done
    zstat3 done
    cope3 done
    zstat4 done
    cope4 done
    zstat5 done
    cope5 done
    zstat6 done
    cope6 done
    zstat7 done
    cope7 done
    zstat8 done
    cope8 done
    zstat9 done
    cope9 done
    zstat10 done
    cope10 done
    zstat11 done
    cope11 done
    zstat12 done
    cope12 done
    zstat13 done
    cope13 done
    zstat14 done
    cope14 done
    zstat15 done
    cope15 done
    zstat16 done
    cope16 done
    zstat17 done
    cope17 done
    zstat18 done
    cope18 done
    zstat19 done
    cope19 done

Finished sub-108 ses-02
