ERROR: Unable to locate a modulefile for 'fsl/6.0.3'
Processing sub-045 ses-03
Reference: ses-01
Registration needed: True
  cope1 zstat registered
  cope1 cope registered
  cope2 zstat registered
  cope2 cope registered
  cope3 zstat registered
  cope3 cope registered
  cope4 zstat registered
  cope4 cope registered
  cope5 zstat registered
  cope5 cope registered
  cope6 zstat registered
  cope6 cope registered
  cope7 zstat registered
  cope7 cope registered
  cope8 zstat registered
  cope8 cope registered
  cope9 zstat registered
  cope9 cope registered
  cope10 zstat registered
  cope10 cope registered
  cope11 zstat registered
  cope11 cope registered
  cope12 zstat registered
  cope12 cope registered
  cope13 zstat registered
  cope13 cope registered
  cope14 zstat registered
  cope14 cope registered
  cope15 zstat registered
  cope15 cope registered
  cope16 zstat registered
  cope16 cope registered
  cope17 zstat registered
  cope17 cope registered
  cope18 zstat registered
  cope18 cope registered
  cope19 zstat registered
  cope19 cope registered

Finished sub-045 ses-03
