nohup: ignoring input
======================================================================
COMPUTE CONFOUND METRICS (tSNR + Motion)
======================================================================

Processing 50 subjects

=== sub-004 ses-01 ===
  run-01: rot=0.8379° trans=0.3327mm | tsnr_face_left=55.8, tsnr_word_left=55.8, tsnr_object_left=51.9, tsnr_house_left=65.6
  run-02: rot=0.4892° trans=0.2603mm | tsnr_face_left=47.6, tsnr_word_left=47.6, tsnr_object_left=54.7, tsnr_house_left=53.4
  run-03: rot=0.2606° trans=0.3427mm | tsnr_face_left=67.3, tsnr_word_left=67.3, tsnr_object_left=62.0, tsnr_house_left=67.5
  run-04: rot=0.1270° trans=0.1586mm | tsnr_face_left=113.5, tsnr_word_left=113.5, tsnr_object_left=122.7, tsnr_house_left=116.4
=== sub-004 ses-02 ===
  run-01: rot=0.0781° trans=0.0495mm | tsnr_face_left=80.0, tsnr_word_left=80.0, tsnr_object_left=181.4, tsnr_house_left=108.0
  run-02: rot=0.1378° trans=0.1213mm | tsnr_face_left=63.2, tsnr_word_left=63.2, tsnr_object_left=155.3, tsnr_house_left=90.6
  run-03: rot=0.2726° trans=0.5020mm | tsnr_face_left=38.3, tsnr_word_left=38.3, tsnr_object_left=87.3, tsnr_house_left=54.6
  run-04: rot=0.2989° trans=0.2311mm | tsnr_face_left=41.1, tsnr_word_left=41.1, tsnr_object_left=105.0, tsnr_house_left=65.5
  run-05: rot=0.5190° trans=0.3763mm | tsnr_face_left=25.9, tsnr_word_left=25.9, tsnr_object_left=59.4, tsnr_house_left=43.2
=== sub-004 ses-03 ===
  run-01: rot=0.0803° trans=0.0658mm | tsnr_face_left=142.6, tsnr_word_left=142.6, tsnr_object_left=191.7, tsnr_house_left=146.5
  run-02: rot=0.1932° trans=0.2356mm | tsnr_face_left=114.3, tsnr_word_left=114.3, tsnr_object_left=156.6, tsnr_house_left=122.6
  run-03: rot=0.1549° trans=0.0953mm | tsnr_face_left=118.2, tsnr_word_left=118.2, tsnr_object_left=154.3, tsnr_house_left=118.6
  run-04: rot=0.2912° trans=0.1863mm | tsnr_face_left=75.7, tsnr_word_left=75.7, tsnr_object_left=73.3, tsnr_house_left=62.6
  run-05: rot=0.1769° trans=0.2709mm | tsnr_face_left=99.9, tsnr_word_left=99.9, tsnr_object_left=142.8, tsnr_house_left=102.0
=== sub-004 ses-05 ===
  run-01: rot=0.0951° trans=0.0542mm | tsnr_face_left=144.3, tsnr_word_left=144.3, tsnr_object_left=156.4, tsnr_house_left=130.6
  run-02: rot=0.0547° trans=0.0896mm | tsnr_face_left=94.0, tsnr_word_left=94.0, tsnr_object_left=95.2, tsnr_house_left=82.4
  run-03: rot=0.1240° trans=0.1242mm | tsnr_face_left=102.7, tsnr_word_left=102.7, tsnr_object_left=111.2, tsnr_house_left=93.9
=== sub-004 ses-06 ===
  run-01: rot=0.1046° trans=0.1801mm | tsnr_face_left=148.8, tsnr_word_left=148.8, tsnr_object_left=147.5, tsnr_house_left=143.7
  run-02: rot=0.0749° trans=0.1439mm | tsnr_face_left=134.7, tsnr_word_left=134.7, tsnr_object_left=135.3, tsnr_house_left=127.3
  run-03: rot=0.1090° trans=0.1359mm | tsnr_face_left=98.7, tsnr_word_left=98.7, tsnr_object_left=93.5, tsnr_house_left=93.2
=== sub-007 ses-01 ===
  run-01: rot=0.0290° trans=0.0506mm | tsnr_face_right=95.0, tsnr_word_right=95.0, tsnr_object_right=144.6, tsnr_house_right=106.7
  run-02: rot=0.0366° trans=0.0409mm | tsnr_face_right=95.5, tsnr_word_right=95.5, tsnr_object_right=155.2, tsnr_house_right=108.2
  run-03: rot=0.0331° trans=0.0370mm | tsnr_face_right=94.0, tsnr_word_right=94.0, tsnr_object_right=141.6, tsnr_house_right=102.6
  run-04: rot=0.0695° trans=0.0890mm | tsnr_face_right=96.9, tsnr_word_right=96.9, tsnr_object_right=146.1, tsnr_house_right=100.5
=== sub-007 ses-03 ===
  run-01: rot=0.0442° trans=0.0492mm | tsnr_face_right=122.8, tsnr_word_right=122.8, tsnr_object_right=167.1, tsnr_house_right=120.6
  run-02: rot=0.0389° trans=0.0693mm | tsnr_face_right=112.2, tsnr_word_right=112.2, tsnr_object_right=149.4, tsnr_house_right=109.2
=== sub-007 ses-04 ===
  run-01: rot=0.0671° trans=0.0695mm | tsnr_face_right=127.6, tsnr_word_right=127.6, tsnr_object_right=135.9, tsnr_house_right=122.6
  run-02: rot=0.0578° trans=0.1048mm | tsnr_face_right=128.1, tsnr_word_right=128.1, tsnr_object_right=143.0, tsnr_house_right=118.7
=== sub-008 ses-01 ===
  run-01: rot=0.0836° trans=0.0743mm | tsnr_face_left=100.7, tsnr_word_left=100.7, tsnr_object_left=127.2, tsnr_house_left=117.9
  run-02: rot=0.0651° trans=0.0583mm | tsnr_face_left=101.1, tsnr_word_left=101.1, tsnr_object_left=134.3, tsnr_house_left=117.0
  run-03: rot=0.1196° trans=0.0906mm | tsnr_face_left=85.1, tsnr_word_left=85.1, tsnr_object_left=132.5, tsnr_house_left=106.2
  run-04: rot=0.0945° trans=0.1310mm | tsnr_face_left=83.5, tsnr_word_left=83.5, tsnr_object_left=125.2, tsnr_house_left=103.4
  run-05: rot=0.0883° trans=0.1047mm | tsnr_face_left=79.6, tsnr_word_left=79.6, tsnr_object_left=120.4, tsnr_house_left=99.7
  run-06: rot=0.3019° trans=0.3448mm | tsnr_face_left=55.6, tsnr_word_left=55.6, tsnr_object_left=99.9, tsnr_house_left=81.2
=== sub-008 ses-02 ===
  run-01: rot=0.0595° trans=0.1286mm | tsnr_face_left=113.8, tsnr_word_left=113.8, tsnr_object_left=186.5, tsnr_house_left=120.5
  run-02: rot=0.0776° trans=0.0621mm | tsnr_face_left=111.3, tsnr_word_left=111.3, tsnr_object_left=176.1, tsnr_house_left=115.3
  run-03: rot=0.1145° trans=0.0723mm | tsnr_face_left=115.9, tsnr_word_left=115.9, tsnr_object_left=175.5, tsnr_house_left=116.3
  run-04: rot=0.1315° trans=0.0977mm | tsnr_face_left=112.2, tsnr_word_left=112.2, tsnr_object_left=172.6, tsnr_house_left=113.5
=== sub-010 ses-02 ===
  run-01: rot=0.0526° trans=0.0681mm | tsnr_face_right=64.3, tsnr_word_right=64.3, tsnr_object_right=98.2, tsnr_house_right=95.4
  run-02: rot=0.0535° trans=0.0492mm | tsnr_face_right=85.7, tsnr_word_right=85.7, tsnr_object_right=138.0, tsnr_house_right=123.8
=== sub-010 ses-03 ===
  run-01: rot=0.1640° trans=0.1033mm | tsnr_face_right=161.5, tsnr_word_right=161.5, tsnr_object_right=208.0, tsnr_house_right=170.1
  run-02: rot=0.0921° trans=0.0850mm | tsnr_face_right=137.1, tsnr_word_right=137.1, tsnr_object_right=184.6, tsnr_house_right=152.9
  run-03: rot=0.0482° trans=0.0538mm | tsnr_face_right=143.3, tsnr_word_right=143.3, tsnr_object_right=193.1, tsnr_house_right=156.9
=== sub-017 ses-01 ===
  run-01: rot=0.2400° trans=0.1097mm | tsnr_face_right=138.7, tsnr_word_right=138.7, tsnr_object_right=166.7, tsnr_house_right=126.1
  run-02: rot=0.2110° trans=0.1765mm | tsnr_face_right=128.5, tsnr_word_right=128.5, tsnr_object_right=135.4, tsnr_house_right=104.7
  run-03: rot=0.1322° trans=0.1546mm | tsnr_face_right=112.9, tsnr_word_right=112.9, tsnr_object_right=118.4, tsnr_house_right=100.1
=== sub-017 ses-03 ===
  run-01: rot=0.2972° trans=0.2108mm | tsnr_face_right=136.2, tsnr_word_right=136.2, tsnr_object_right=153.4, tsnr_house_right=141.7
  run-02: rot=0.6728° trans=0.4470mm | tsnr_face_right=67.9, tsnr_word_right=67.9, tsnr_object_right=62.6, tsnr_house_right=77.9
=== sub-017 ses-04 ===
  run-01: rot=0.2775° trans=0.2668mm | tsnr_face_right=104.7, tsnr_word_right=104.7, tsnr_object_right=66.4, tsnr_house_right=112.2
  run-02: rot=0.1115° trans=0.1551mm | tsnr_face_right=117.2, tsnr_word_right=117.2, tsnr_object_right=66.6, tsnr_house_right=113.7
  run-03: rot=0.3518° trans=0.2137mm | tsnr_face_right=73.7, tsnr_word_right=73.7, tsnr_object_right=51.3, tsnr_house_right=73.6
=== sub-018 ses-02 ===
  run-01: rot=0.0412° trans=0.0281mm | tsnr_face_left=137.7, tsnr_word_left=137.7, tsnr_object_left=188.7, tsnr_house_left=139.1, tsnr_face_right=114.4, tsnr_word_right=114.4, tsnr_object_right=167.6, tsnr_house_right=136.8
  run-02: rot=0.0850° trans=0.0537mm | tsnr_face_left=126.8, tsnr_word_left=126.8, tsnr_object_left=189.2, tsnr_house_left=131.2, tsnr_face_right=105.3, tsnr_word_right=105.3, tsnr_object_right=158.3, tsnr_house_right=129.6
  run-03: rot=0.0371° trans=0.0322mm | tsnr_face_left=129.1, tsnr_word_left=129.1, tsnr_object_left=190.5, tsnr_house_left=130.4, tsnr_face_right=109.1, tsnr_word_right=109.1, tsnr_object_right=164.0, tsnr_house_right=131.8
  run-04: rot=0.0292° trans=0.0241mm | tsnr_face_left=124.6, tsnr_word_left=124.6, tsnr_object_left=182.3, tsnr_house_left=125.8, tsnr_face_right=109.6, tsnr_word_right=109.6, tsnr_object_right=162.4, tsnr_house_right=126.0
=== sub-018 ses-03 ===
  run-01: rot=0.0832° trans=0.0793mm | tsnr_face_left=107.1, tsnr_word_left=107.1, tsnr_object_left=87.8, tsnr_house_left=115.6, tsnr_face_right=102.7, tsnr_word_right=102.7, tsnr_object_right=71.2, tsnr_house_right=113.7
  run-02: rot=0.0284° trans=0.0383mm | tsnr_face_left=117.6, tsnr_word_left=117.6, tsnr_object_left=100.4, tsnr_house_left=120.3, tsnr_face_right=117.7, tsnr_word_right=117.7, tsnr_object_right=85.7, tsnr_house_right=116.4
  run-03: rot=0.0514° trans=0.0380mm | tsnr_face_left=124.5, tsnr_word_left=124.5, tsnr_object_left=105.2, tsnr_house_left=118.7, tsnr_face_right=121.8, tsnr_word_right=121.8, tsnr_object_right=90.2, tsnr_house_right=117.6
=== sub-021 ses-01 ===
  SKIP: pre-surgical or no intact_hemi
=== sub-021 ses-02 ===
  run-01: rot=0.0635° trans=0.0920mm | tsnr_face_right=91.8, tsnr_word_right=91.8, tsnr_object_right=73.3, tsnr_house_right=103.5
  run-02: rot=0.0786° trans=0.0876mm | tsnr_face_right=69.3, tsnr_word_right=69.3, tsnr_object_right=59.0, tsnr_house_right=80.9
  run-03: rot=0.1169° trans=0.2046mm | tsnr_face_right=57.6, tsnr_word_right=57.6, tsnr_object_right=51.8, tsnr_house_right=72.1
=== sub-021 ses-03 ===
  run-01: rot=0.1479° trans=0.0774mm | tsnr_face_right=82.3, tsnr_word_right=82.3, tsnr_object_right=73.3, tsnr_house_right=90.2
  run-02: rot=0.1143° trans=0.0740mm | tsnr_face_right=99.9, tsnr_word_right=99.9, tsnr_object_right=79.6, tsnr_house_right=90.9
  run-03: rot=0.1265° trans=0.0853mm | tsnr_face_right=101.4, tsnr_word_right=101.4, tsnr_object_right=91.1, tsnr_house_right=105.4
=== sub-022 ses-01 ===
  run-01: rot=0.0484° trans=0.0469mm | tsnr_face_left=104.6, tsnr_word_left=104.6, tsnr_object_left=142.0, tsnr_house_left=134.8, tsnr_face_right=98.4, tsnr_word_right=98.4, tsnr_object_right=147.2, tsnr_house_right=130.2
  run-02: rot=0.0531° trans=0.0435mm | tsnr_face_left=107.8, tsnr_word_left=107.8, tsnr_object_left=148.3, tsnr_house_left=136.2, tsnr_face_right=103.4, tsnr_word_right=103.4, tsnr_object_right=152.7, tsnr_house_right=129.9
  run-03: rot=0.1095° trans=0.1037mm | tsnr_face_left=81.3, tsnr_word_left=81.3, tsnr_object_left=89.9, tsnr_house_left=101.7, tsnr_face_right=74.2, tsnr_word_right=74.2, tsnr_object_right=88.8, tsnr_house_right=94.8
=== sub-022 ses-02 ===
  run-02: rot=0.0558° trans=0.0653mm | tsnr_face_left=121.3, tsnr_word_left=121.3, tsnr_object_left=84.8, tsnr_house_left=138.5, tsnr_face_right=117.5, tsnr_word_right=117.5, tsnr_object_right=83.4, tsnr_house_right=154.1
  run-03: rot=0.0380° trans=0.0995mm | tsnr_face_left=122.2, tsnr_word_left=122.2, tsnr_object_left=85.7, tsnr_house_left=136.2, tsnr_face_right=119.3, tsnr_word_right=119.3, tsnr_object_right=86.6, tsnr_house_right=152.4
=== sub-025 ses-01 ===
  run-01: rot=0.0742° trans=0.1325mm | tsnr_face_left=143.0, tsnr_word_left=143.0, tsnr_object_left=172.4, tsnr_house_left=138.6, tsnr_face_right=127.7, tsnr_word_right=127.7, tsnr_object_right=170.6, tsnr_house_right=129.4
  run-02: rot=0.0537° trans=0.0619mm | tsnr_face_left=139.8, tsnr_word_left=139.8, tsnr_object_left=170.7, tsnr_house_left=144.4, tsnr_face_right=128.5, tsnr_word_right=128.5, tsnr_object_right=172.4, tsnr_house_right=137.7
  run-03: rot=0.0326° trans=0.0411mm | tsnr_face_left=137.1, tsnr_word_left=137.1, tsnr_object_left=170.1, tsnr_house_left=140.9, tsnr_face_right=126.9, tsnr_word_right=126.9, tsnr_object_right=168.9, tsnr_house_right=132.9
=== sub-025 ses-02 ===
  run-01: rot=0.0416° trans=0.0521mm | tsnr_face_left=171.9, tsnr_word_left=171.9, tsnr_object_left=185.7, tsnr_house_left=171.4, tsnr_face_right=223.7, tsnr_word_right=223.7, tsnr_object_right=117.6, tsnr_house_right=224.4
  run-02: rot=0.0543° trans=0.0375mm | tsnr_face_left=167.1, tsnr_word_left=167.1, tsnr_object_left=177.3, tsnr_house_left=172.5, tsnr_face_right=220.5, tsnr_word_right=220.5, tsnr_object_right=119.4, tsnr_house_right=221.3
  run-03: rot=0.0410° trans=0.0422mm | tsnr_face_left=171.2, tsnr_word_left=171.2, tsnr_object_left=186.8, tsnr_house_left=175.9, tsnr_face_right=221.0, tsnr_word_right=221.0, tsnr_object_right=124.3, tsnr_house_right=224.1
=== sub-025 ses-03 ===
  run-01: rot=0.0406° trans=0.0462mm | tsnr_face_left=152.1, tsnr_word_left=152.1, tsnr_object_left=94.8, tsnr_house_left=177.9, tsnr_face_right=181.7, tsnr_word_right=181.7, tsnr_object_right=80.4, tsnr_house_right=190.0
  run-02: rot=0.0377° trans=0.0391mm | tsnr_face_left=147.7, tsnr_word_left=147.7, tsnr_object_left=86.2, tsnr_house_left=170.6, tsnr_face_right=176.8, tsnr_word_right=176.8, tsnr_object_right=71.3, tsnr_house_right=182.4
  run-03: rot=0.0204° trans=0.0448mm | tsnr_face_left=152.1, tsnr_word_left=152.1, tsnr_object_left=90.7, tsnr_house_left=167.9, tsnr_face_right=181.0, tsnr_word_right=181.0, tsnr_object_right=75.5, tsnr_house_right=177.8
=== sub-027 ses-01 ===
  run-01: rot=0.1417° trans=0.2109mm | tsnr_face_left=40.1, tsnr_word_left=40.1, tsnr_object_left=55.2, tsnr_house_left=50.6, tsnr_face_right=36.6, tsnr_word_right=36.6, tsnr_object_right=51.5, tsnr_house_right=45.5
  run-02: rot=0.3010° trans=0.5875mm | tsnr_face_left=16.0, tsnr_word_left=16.0, tsnr_object_left=22.4, tsnr_house_left=20.2, tsnr_face_right=15.4, tsnr_word_right=15.4, tsnr_object_right=21.9, tsnr_house_right=18.7
  run-03: rot=0.3728° trans=0.8145mm | tsnr_face_left=13.2, tsnr_word_left=13.2, tsnr_object_left=17.1, tsnr_house_left=18.2, tsnr_face_right=12.6, tsnr_word_right=12.6, tsnr_object_right=17.0, tsnr_house_right=17.2
=== sub-027 ses-02 ===
  run-01: rot=0.1036° trans=0.1409mm | tsnr_face_left=178.9, tsnr_word_left=178.9, tsnr_object_left=153.1, tsnr_house_left=164.3, tsnr_face_right=173.1, tsnr_word_right=173.1, tsnr_object_right=169.1, tsnr_house_right=136.9
  run-02: rot=0.0731° trans=0.0592mm | tsnr_face_left=175.1, tsnr_word_left=175.1, tsnr_object_left=143.3, tsnr_house_left=157.0, tsnr_face_right=170.6, tsnr_word_right=170.6, tsnr_object_right=164.4, tsnr_house_right=123.1
  run-03: rot=0.1382° trans=0.0809mm | tsnr_face_left=108.9, tsnr_word_left=108.9, tsnr_object_left=113.1, tsnr_house_left=107.1, tsnr_face_right=95.3, tsnr_word_right=95.3, tsnr_object_right=120.2, tsnr_house_right=89.5
=== sub-038 ses-02 ===
  run-01: rot=0.1504° trans=0.0634mm | tsnr_face_left=120.8, tsnr_word_left=120.8, tsnr_object_left=159.2, tsnr_house_left=133.2, tsnr_face_right=117.1, tsnr_word_right=117.1, tsnr_object_right=163.1, tsnr_house_right=131.5
  run-02: rot=0.0559° trans=0.0409mm | tsnr_face_left=123.8, tsnr_word_left=123.8, tsnr_object_left=160.8, tsnr_house_left=134.9, tsnr_face_right=115.0, tsnr_word_right=115.0, tsnr_object_right=162.2, tsnr_house_right=131.8
  run-03: rot=0.0400° trans=0.0544mm | tsnr_face_left=120.3, tsnr_word_left=120.3, tsnr_object_left=156.7, tsnr_house_left=135.8, tsnr_face_right=119.2, tsnr_word_right=119.2, tsnr_object_right=161.8, tsnr_house_right=133.8
=== sub-045 ses-01 ===
  SKIP: pre-surgical or no intact_hemi
=== sub-045 ses-02 ===
  run-01: rot=0.0388° trans=0.0877mm | tsnr_face_right=125.5, tsnr_word_right=125.5, tsnr_object_right=153.6, tsnr_house_right=129.8
  run-02: rot=0.0515° trans=0.0598mm | tsnr_face_right=134.4, tsnr_word_right=134.4, tsnr_object_right=167.0, tsnr_house_right=135.9
  run-03: rot=0.0833° trans=0.0800mm | tsnr_face_right=132.6, tsnr_word_right=132.6, tsnr_object_right=165.5, tsnr_house_right=129.2
=== sub-045 ses-03 ===
  run-01: rot=0.0437° trans=0.0821mm | tsnr_face_right=117.8, tsnr_word_right=117.8, tsnr_object_right=108.2, tsnr_house_right=116.7
  run-02: rot=0.0915° trans=0.0709mm | tsnr_face_right=127.6, tsnr_word_right=127.6, tsnr_object_right=109.2, tsnr_house_right=124.8
  run-03: rot=0.0878° trans=0.1099mm | tsnr_face_right=111.7, tsnr_word_right=111.7, tsnr_object_right=99.4, tsnr_house_right=114.0
=== sub-047 ses-01 ===
  SKIP: pre-surgical or no intact_hemi
=== sub-047 ses-02 ===
  run-01: rot=0.0882° trans=0.0951mm | tsnr_face_left=157.9, tsnr_word_left=157.9, tsnr_object_left=184.1, tsnr_house_left=155.3
  run-02: rot=0.3350° trans=0.1343mm | tsnr_face_left=141.6, tsnr_word_left=141.6, tsnr_object_left=133.2, tsnr_house_left=132.7
=== sub-049 ses-01 ===
  SKIP: pre-surgical or no intact_hemi
=== sub-049 ses-02 ===
  run-01: rot=0.0888° trans=0.0893mm | tsnr_face_left=212.2, tsnr_word_left=212.2, tsnr_object_left=94.5, tsnr_house_left=210.2
  run-02: rot=0.1251° trans=0.0421mm | tsnr_face_left=196.6, tsnr_word_left=196.6, tsnr_object_left=90.3, tsnr_house_left=210.2
=== sub-052 ses-01 ===
  run-01: rot=0.0522° trans=0.0531mm | tsnr_face_left=138.4, tsnr_word_left=138.4, tsnr_object_left=174.2, tsnr_house_left=147.6, tsnr_face_right=136.5, tsnr_word_right=136.5, tsnr_object_right=168.3, tsnr_house_right=138.5
  run-02: rot=0.0700° trans=0.0882mm | tsnr_face_left=115.7, tsnr_word_left=115.7, tsnr_object_left=122.7, tsnr_house_left=131.3, tsnr_face_right=107.1, tsnr_word_right=107.1, tsnr_object_right=119.3, tsnr_house_right=117.3
=== sub-052 ses-02 ===
  run-01: rot=0.0220° trans=0.0676mm | tsnr_face_left=184.9, tsnr_word_left=184.9, tsnr_object_left=151.6, tsnr_house_left=139.3, tsnr_face_right=166.2, tsnr_word_right=166.2, tsnr_object_right=126.3, tsnr_house_right=150.5
  run-02: rot=0.0196° trans=0.0457mm | tsnr_face_left=183.6, tsnr_word_left=183.6, tsnr_object_left=157.8, tsnr_house_left=137.9, tsnr_face_right=167.2, tsnr_word_right=167.2, tsnr_object_right=134.9, tsnr_house_right=149.3
  run-03: rot=0.0278° trans=0.0526mm | tsnr_face_left=171.5, tsnr_word_left=171.5, tsnr_object_left=158.3, tsnr_house_left=131.7, tsnr_face_right=156.5, tsnr_word_right=156.5, tsnr_object_right=134.4, tsnr_house_right=141.3
=== sub-057 ses-02 ===
  run-01: rot=0.0334° trans=0.0374mm | tsnr_face_left=143.6, tsnr_word_left=143.6, tsnr_object_left=176.2, tsnr_house_left=155.4, tsnr_face_right=138.2, tsnr_word_right=138.2, tsnr_object_right=175.7, tsnr_house_right=154.9
  run-02: rot=0.0446° trans=0.0415mm | tsnr_face_left=124.3, tsnr_word_left=124.3, tsnr_object_left=151.6, tsnr_house_left=134.5, tsnr_face_right=114.0, tsnr_word_right=114.0, tsnr_object_right=146.7, tsnr_house_right=135.4
  run-03: rot=0.0372° trans=0.0470mm | tsnr_face_left=146.6, tsnr_word_left=146.6, tsnr_object_left=175.8, tsnr_house_left=155.4, tsnr_face_right=139.4, tsnr_word_right=139.4, tsnr_object_right=172.0, tsnr_house_right=156.0
=== sub-058 ses-01 ===
  run-01: rot=0.0687° trans=0.1665mm | tsnr_face_left=90.1, tsnr_word_left=90.1, tsnr_object_left=131.5, tsnr_house_left=114.7, tsnr_face_right=79.3, tsnr_word_right=79.3, tsnr_object_right=122.3, tsnr_house_right=106.6
  run-02: rot=0.1833° trans=0.2745mm | tsnr_face_left=69.8, tsnr_word_left=69.8, tsnr_object_left=91.7, tsnr_house_left=85.6, tsnr_face_right=60.6, tsnr_word_right=60.6, tsnr_object_right=90.1, tsnr_house_right=79.6
  run-03: rot=0.1786° trans=0.2768mm | tsnr_face_left=61.1, tsnr_word_left=61.1, tsnr_object_left=85.5, tsnr_house_left=74.4, tsnr_face_right=57.3, tsnr_word_right=57.3, tsnr_object_right=85.3, tsnr_house_right=69.6
=== sub-058 ses-02 ===
  run-01: rot=0.1189° trans=0.1374mm | tsnr_face_left=203.6, tsnr_word_left=203.6, tsnr_object_left=109.1, tsnr_house_left=190.8, tsnr_face_right=152.2, tsnr_word_right=152.2, tsnr_object_right=139.9, tsnr_house_right=141.1
  run-02: rot=0.0581° trans=0.0793mm | tsnr_face_left=203.8, tsnr_word_left=203.8, tsnr_object_left=95.7, tsnr_house_left=181.7, tsnr_face_right=151.0, tsnr_word_right=151.0, tsnr_object_right=139.2, tsnr_house_right=127.4
  run-03: rot=0.0660° trans=0.0963mm | tsnr_face_left=205.1, tsnr_word_left=205.1, tsnr_object_left=114.3, tsnr_house_left=179.8, tsnr_face_right=147.7, tsnr_word_right=147.7, tsnr_object_right=153.2, tsnr_house_right=129.1
=== sub-059 ses-02 ===
  run-01: rot=0.0725° trans=0.0542mm | tsnr_face_left=161.0, tsnr_word_left=161.0, tsnr_object_left=138.9, tsnr_house_left=145.4, tsnr_face_right=159.1, tsnr_word_right=159.1, tsnr_object_right=132.3, tsnr_house_right=135.7
  run-02: rot=0.0440° trans=0.0634mm | tsnr_face_left=144.3, tsnr_word_left=144.3, tsnr_object_left=128.1, tsnr_house_left=141.1, tsnr_face_right=139.2, tsnr_word_right=139.2, tsnr_object_right=116.9, tsnr_house_right=127.4
  run-03: rot=0.0484° trans=0.0441mm | tsnr_face_left=143.7, tsnr_word_left=143.7, tsnr_object_left=124.7, tsnr_house_left=134.5, tsnr_face_right=141.3, tsnr_word_right=141.3, tsnr_object_right=111.9, tsnr_house_right=124.2
=== sub-062 ses-01 ===
  run-01: rot=0.0300° trans=0.0370mm | tsnr_face_left=139.8, tsnr_word_left=139.8, tsnr_object_left=160.1, tsnr_house_left=154.6, tsnr_face_right=131.6, tsnr_word_right=131.6, tsnr_object_right=188.5, tsnr_house_right=153.2
  run-02: rot=0.0250° trans=0.0352mm | tsnr_face_left=134.8, tsnr_word_left=134.8, tsnr_object_left=158.1, tsnr_house_left=146.2, tsnr_face_right=131.8, tsnr_word_right=131.8, tsnr_object_right=188.9, tsnr_house_right=148.7
  run-03: rot=0.0332° trans=0.0327mm | tsnr_face_left=139.6, tsnr_word_left=139.6, tsnr_object_left=159.3, tsnr_house_left=147.9, tsnr_face_right=130.5, tsnr_word_right=130.5, tsnr_object_right=184.5, tsnr_house_right=146.7
=== sub-062 ses-02 ===
  run-01: rot=0.0348° trans=0.0657mm | tsnr_face_left=166.3, tsnr_word_left=166.3, tsnr_object_left=158.6, tsnr_house_left=152.5, tsnr_face_right=168.0, tsnr_word_right=168.0, tsnr_object_right=153.5, tsnr_house_right=168.7
  run-02: rot=0.0444° trans=0.0602mm | tsnr_face_left=165.4, tsnr_word_left=165.4, tsnr_object_left=158.3, tsnr_house_left=145.9, tsnr_face_right=151.8, tsnr_word_right=151.8, tsnr_object_right=149.0, tsnr_house_right=165.5
  run-03: rot=0.0355° trans=0.0433mm | tsnr_face_left=168.8, tsnr_word_left=168.8, tsnr_object_left=158.9, tsnr_house_left=147.1, tsnr_face_right=161.7, tsnr_word_right=161.7, tsnr_object_right=152.5, tsnr_house_right=170.0
=== sub-064 ses-01 ===
  run-01: rot=0.0479° trans=0.0639mm | tsnr_face_left=148.2, tsnr_word_left=148.2, tsnr_object_left=153.7, tsnr_house_left=149.9, tsnr_face_right=159.1, tsnr_word_right=159.1, tsnr_object_right=140.1, tsnr_house_right=138.4
  run-02: rot=0.0567° trans=0.0663mm | tsnr_face_left=135.8, tsnr_word_left=135.8, tsnr_object_left=145.6, tsnr_house_left=136.4, tsnr_face_right=145.9, tsnr_word_right=145.9, tsnr_object_right=131.2, tsnr_house_right=126.6
  run-03: rot=0.0393° trans=0.0739mm | tsnr_face_left=141.2, tsnr_word_left=141.2, tsnr_object_left=156.1, tsnr_house_left=141.4, tsnr_face_right=152.3, tsnr_word_right=152.3, tsnr_object_right=143.7, tsnr_house_right=130.3
=== sub-064 ses-02 ===
  run-01: rot=0.0288° trans=0.0283mm | tsnr_face_left=138.0, tsnr_word_left=138.0, tsnr_object_left=68.7, tsnr_house_left=146.6, tsnr_face_right=213.5, tsnr_word_right=213.5, tsnr_object_right=77.1, tsnr_house_right=148.3
  run-02: rot=0.0298° trans=0.0361mm | tsnr_face_left=144.9, tsnr_word_left=144.9, tsnr_object_left=70.0, tsnr_house_left=150.8, tsnr_face_right=216.5, tsnr_word_right=216.5, tsnr_object_right=75.8, tsnr_house_right=149.8
  run-03: rot=0.0705° trans=0.0458mm | tsnr_face_left=132.3, tsnr_word_left=132.3, tsnr_object_left=67.5, tsnr_house_left=142.2, tsnr_face_right=204.8, tsnr_word_right=204.8, tsnr_object_right=70.6, tsnr_house_right=142.6
=== sub-066 ses-01 ===
  run-01: rot=0.0331° trans=0.0305mm | tsnr_face_right=135.6, tsnr_word_right=135.6, tsnr_object_right=186.9, tsnr_house_right=174.4
  run-02: rot=0.0356° trans=0.0325mm | tsnr_face_right=141.6, tsnr_word_right=141.6, tsnr_object_right=187.8, tsnr_house_right=184.4
  run-03: rot=0.0428° trans=0.0301mm | tsnr_face_right=142.7, tsnr_word_right=142.7, tsnr_object_right=166.0, tsnr_house_right=173.0
=== sub-067 ses-02 ===
  run-01: rot=0.2291° trans=0.2220mm | tsnr_face_left=55.9, tsnr_word_left=55.9, tsnr_object_left=54.7, tsnr_house_left=65.9, tsnr_face_right=65.0, tsnr_word_right=65.0, tsnr_object_right=63.1, tsnr_house_right=72.6
  run-02: rot=0.1518° trans=0.2612mm | tsnr_face_left=60.5, tsnr_word_left=60.5, tsnr_object_left=62.9, tsnr_house_left=68.3, tsnr_face_right=58.7, tsnr_word_right=58.7, tsnr_object_right=62.1, tsnr_house_right=69.0
  run-03: rot=0.1144° trans=0.1383mm | tsnr_face_left=59.5, tsnr_word_left=59.5, tsnr_object_left=68.5, tsnr_house_left=63.6, tsnr_face_right=54.0, tsnr_word_right=54.0, tsnr_object_right=66.0, tsnr_house_right=62.4
=== sub-068 ses-02 ===
  run-01: rot=0.0595° trans=0.0880mm | tsnr_face_left=126.3, tsnr_word_left=126.3, tsnr_object_left=144.8, tsnr_house_left=130.6, tsnr_face_right=119.9, tsnr_word_right=119.9, tsnr_object_right=138.2, tsnr_house_right=124.0
  run-02: rot=0.0381° trans=0.0869mm | tsnr_face_left=115.0, tsnr_word_left=115.0, tsnr_object_left=135.2, tsnr_house_left=124.1, tsnr_face_right=108.0, tsnr_word_right=108.0, tsnr_object_right=128.8, tsnr_house_right=117.2
  run-03: rot=0.0607° trans=0.0412mm | tsnr_face_left=119.7, tsnr_word_left=119.7, tsnr_object_left=144.5, tsnr_house_left=132.1, tsnr_face_right=112.6, tsnr_word_right=112.6, tsnr_object_right=138.8, tsnr_house_right=124.9
=== sub-068 ses-03 ===
  run-01: rot=0.0515° trans=0.0861mm | tsnr_face_left=121.8, tsnr_word_left=121.8, tsnr_object_left=101.9, tsnr_house_left=111.7, tsnr_face_right=99.6, tsnr_word_right=99.6, tsnr_object_right=98.1, tsnr_house_right=107.3
  run-02: rot=0.0488° trans=0.0976mm | tsnr_face_left=135.5, tsnr_word_left=135.5, tsnr_object_left=107.8, tsnr_house_left=121.7, tsnr_face_right=127.8, tsnr_word_right=127.8, tsnr_object_right=105.1, tsnr_house_right=122.1
  run-03: rot=0.0328° trans=0.0634mm | tsnr_face_left=158.9, tsnr_word_left=158.9, tsnr_object_left=133.3, tsnr_house_left=147.7, tsnr_face_right=161.6, tsnr_word_right=161.6, tsnr_object_right=133.8, tsnr_house_right=150.9
=== sub-069 ses-01 ===
  run-01: rot=0.6723° trans=0.3060mm | tsnr_face_right=52.2, tsnr_word_right=52.2, tsnr_object_right=45.3, tsnr_house_right=61.7
  run-02: rot=0.5989° trans=0.4943mm | tsnr_face_right=28.5, tsnr_word_right=28.5, tsnr_object_right=17.0, tsnr_house_right=37.4
  run-03: rot=1.0101° trans=0.8005mm | tsnr_face_right=32.8, tsnr_word_right=32.8, tsnr_object_right=27.9, tsnr_house_right=38.1
=== sub-070 ses-01 ===
  SKIP: pre-surgical or no intact_hemi
=== sub-070 ses-02 ===
  run-01: rot=0.0327° trans=0.0551mm | tsnr_face_right=166.1, tsnr_word_right=166.1, tsnr_object_right=210.4, tsnr_house_right=180.4
  run-02: rot=0.0260° trans=0.0316mm | tsnr_face_right=166.0, tsnr_word_right=166.0, tsnr_object_right=212.1, tsnr_house_right=178.7
  run-03: rot=0.0291° trans=0.0266mm | tsnr_face_right=168.8, tsnr_word_right=168.8, tsnr_object_right=209.7, tsnr_house_right=178.2
=== sub-071 ses-01 ===
  run-01: rot=0.0760° trans=0.0565mm | tsnr_face_left=123.9, tsnr_word_left=123.9, tsnr_object_left=134.5, tsnr_house_left=127.1, tsnr_face_right=127.8, tsnr_word_right=127.8, tsnr_object_right=134.3, tsnr_house_right=127.2
  run-02: rot=0.0304° trans=0.0511mm | tsnr_face_left=121.5, tsnr_word_left=121.5, tsnr_object_left=145.9, tsnr_house_left=133.8, tsnr_face_right=123.3, tsnr_word_right=123.3, tsnr_object_right=150.4, tsnr_house_right=135.9
  run-03: rot=0.0290° trans=0.0345mm | tsnr_face_left=129.7, tsnr_word_left=129.7, tsnr_object_left=157.0, tsnr_house_left=141.6, tsnr_face_right=130.4, tsnr_word_right=130.4, tsnr_object_right=165.0, tsnr_house_right=146.4
=== sub-072 ses-01 ===
  run-01: rot=0.0605° trans=0.0575mm | tsnr_face_left=118.2, tsnr_word_left=118.2, tsnr_object_left=114.1, tsnr_house_left=121.9
  run-02: rot=0.0425° trans=0.0461mm | tsnr_face_left=119.7, tsnr_word_left=119.7, tsnr_object_left=123.4, tsnr_house_left=113.2
  run-03: rot=0.1715° trans=0.0933mm | tsnr_face_left=100.9, tsnr_word_left=100.9, tsnr_object_left=95.4, tsnr_house_left=89.9
=== sub-072 ses-02 ===
  run-01: rot=0.0306° trans=0.0575mm | tsnr_face_left=181.7, tsnr_word_left=181.7, tsnr_object_left=166.4, tsnr_house_left=147.7
  run-02: rot=0.0432° trans=0.0462mm | tsnr_face_left=182.5, tsnr_word_left=182.5, tsnr_object_left=160.9, tsnr_house_left=142.9
  run-03: rot=0.0261° trans=0.0564mm | tsnr_face_left=180.2, tsnr_word_left=180.2, tsnr_object_left=162.5, tsnr_house_left=139.0
=== sub-073 ses-01 ===
  SKIP: pre-surgical or no intact_hemi
=== sub-073 ses-02 ===
  run-01: rot=0.0253° trans=0.0486mm | tsnr_face_left=141.3, tsnr_word_left=141.3, tsnr_object_left=134.0, tsnr_house_left=139.8
  run-02: rot=0.0268° trans=0.0342mm | tsnr_face_left=149.3, tsnr_word_left=149.3, tsnr_object_left=133.7, tsnr_house_left=149.5
  run-03: rot=0.0400° trans=0.0419mm | tsnr_face_left=132.4, tsnr_word_left=132.4, tsnr_object_left=133.4, tsnr_house_left=139.2
=== sub-074 ses-01 ===
  run-01: rot=0.0908° trans=0.3081mm | tsnr_face_left=28.9, tsnr_word_left=28.9, tsnr_object_left=37.5, tsnr_house_left=36.5
  run-02: rot=0.1797° trans=0.3322mm | tsnr_face_left=24.4, tsnr_word_left=24.4, tsnr_object_left=29.9, tsnr_house_left=32.1
  run-03: rot=0.1487° trans=0.3191mm | tsnr_face_left=26.6, tsnr_word_left=26.6, tsnr_object_left=37.0, tsnr_house_left=37.4
=== sub-075 ses-01 ===
  run-01: rot=0.2032° trans=0.3608mm | tsnr_face_left=57.3, tsnr_word_left=57.3, tsnr_object_left=59.7, tsnr_house_left=67.6
  run-02: rot=0.1905° trans=0.1344mm | tsnr_face_left=75.1, tsnr_word_left=75.1, tsnr_object_left=72.7, tsnr_house_left=91.1
  run-03: rot=0.3505° trans=0.3026mm | tsnr_face_left=53.4, tsnr_word_left=53.4, tsnr_object_left=56.3, tsnr_house_left=67.2
=== sub-076 ses-01 ===
  run-01: rot=0.3159° trans=0.3612mm | tsnr_face_left=100.2, tsnr_word_left=100.2, tsnr_object_left=112.6, tsnr_house_left=121.0
  run-02: rot=0.2618° trans=0.2341mm | tsnr_face_left=101.7, tsnr_word_left=101.7, tsnr_object_left=107.2, tsnr_house_left=108.0
  run-03: rot=0.3269° trans=0.3480mm | tsnr_face_left=56.6, tsnr_word_left=56.6, tsnr_object_left=66.2, tsnr_house_left=63.4
=== sub-077 ses-01 ===
  run-01: rot=0.0728° trans=0.1690mm | tsnr_face_left=141.9, tsnr_word_left=141.9, tsnr_object_left=145.7, tsnr_house_left=145.8
  run-02: rot=0.0747° trans=0.0583mm | tsnr_face_left=135.1, tsnr_word_left=135.1, tsnr_object_left=136.4, tsnr_house_left=140.8
  run-03: rot=0.1262° trans=0.1588mm | tsnr_face_left=125.3, tsnr_word_left=125.3, tsnr_object_left=136.5, tsnr_house_left=133.9
=== sub-078 ses-01 ===
  run-01: rot=0.1207° trans=0.1667mm | tsnr_face_right=120.8, tsnr_word_right=120.8, tsnr_object_right=140.8, tsnr_house_right=157.4
  run-02: rot=0.0370° trans=0.0522mm | tsnr_face_right=134.9, tsnr_word_right=134.9, tsnr_object_right=156.9, tsnr_house_right=165.4
  run-03: rot=0.0423° trans=0.0632mm | tsnr_face_right=138.9, tsnr_word_right=138.9, tsnr_object_right=159.5, tsnr_house_right=166.0
=== sub-079 ses-01 ===
  run-01: rot=0.0354° trans=0.0562mm | tsnr_face_right=139.8, tsnr_word_right=139.8, tsnr_object_right=135.5, tsnr_house_right=147.7
  run-02: rot=0.0492° trans=0.0685mm | tsnr_face_right=90.6, tsnr_word_right=90.6, tsnr_object_right=106.0, tsnr_house_right=107.7
  run-03: rot=0.7149° trans=0.1829mm | tsnr_face_right=70.1, tsnr_word_right=70.1, tsnr_object_right=100.2, tsnr_house_right=99.4
=== sub-079 ses-02 ===
  run-01: rot=0.1626° trans=0.1258mm | tsnr_face_right=140.8, tsnr_word_right=140.8, tsnr_object_right=178.1, tsnr_house_right=155.8
  run-02: rot=0.0431° trans=0.0337mm | tsnr_face_right=146.6, tsnr_word_right=146.6, tsnr_object_right=176.2, tsnr_house_right=162.3
  run-03: rot=0.0463° trans=0.0654mm | tsnr_face_right=130.1, tsnr_word_right=130.1, tsnr_object_right=166.6, tsnr_house_right=149.8
=== sub-081 ses-01 ===
  SKIP: pre-surgical or no intact_hemi
=== sub-081 ses-02 ===
  run-01: rot=0.0561° trans=0.0416mm | tsnr_face_right=209.2, tsnr_word_right=209.2, tsnr_object_right=220.0, tsnr_house_right=196.6
  run-03: rot=0.0966° trans=0.0623mm | tsnr_face_right=185.7, tsnr_word_right=185.7, tsnr_object_right=172.9, tsnr_house_right=158.1
=== sub-083 ses-01 ===
  run-01: rot=0.0478° trans=0.0492mm | tsnr_face_left=145.6, tsnr_word_left=145.6, tsnr_object_left=162.5, tsnr_house_left=154.5, tsnr_face_right=137.7, tsnr_word_right=137.7, tsnr_object_right=162.3, tsnr_house_right=143.0
  run-02: rot=0.0521° trans=0.0301mm | tsnr_face_left=157.2, tsnr_word_left=157.2, tsnr_object_left=170.9, tsnr_house_left=153.9, tsnr_face_right=147.2, tsnr_word_right=147.2, tsnr_object_right=171.4, tsnr_house_right=141.5
  run-03: rot=0.0564° trans=0.0412mm | tsnr_face_left=150.3, tsnr_word_left=150.3, tsnr_object_left=163.8, tsnr_house_left=145.6, tsnr_face_right=145.0, tsnr_word_right=145.0, tsnr_object_right=168.0, tsnr_house_right=135.5
=== sub-084 ses-01 ===
  run-01: rot=0.0648° trans=0.0535mm | tsnr_face_left=148.0, tsnr_word_left=148.0, tsnr_object_left=190.2, tsnr_house_left=138.9, tsnr_object_right=192.1, tsnr_house_right=147.6
  run-02: rot=0.0489° trans=0.0609mm | tsnr_face_left=119.3, tsnr_word_left=119.3, tsnr_object_left=175.8, tsnr_house_left=125.7, tsnr_face_right=135.1, tsnr_word_right=135.1, tsnr_object_right=164.5, tsnr_house_right=129.8
  run-03: rot=0.0626° trans=0.0403mm | tsnr_face_left=117.0, tsnr_word_left=117.0, tsnr_object_left=179.1, tsnr_house_left=120.8, tsnr_face_right=139.4, tsnr_word_right=139.4, tsnr_object_right=177.0, tsnr_house_right=126.1
=== sub-085 ses-01 ===
  run-01: rot=0.0192° trans=0.0388mm | tsnr_face_left=142.0, tsnr_word_left=142.0, tsnr_object_left=186.4, tsnr_house_left=151.6, tsnr_face_right=121.5, tsnr_word_right=121.5, tsnr_object_right=173.2, tsnr_house_right=148.6
  run-02: rot=0.0221° trans=0.0406mm | tsnr_face_left=139.7, tsnr_word_left=139.7, tsnr_object_left=176.4, tsnr_house_left=141.2, tsnr_face_right=117.5, tsnr_word_right=117.5, tsnr_object_right=160.1, tsnr_house_right=137.9
  run-03: rot=0.0286° trans=0.0298mm | tsnr_face_left=144.0, tsnr_word_left=144.0, tsnr_object_left=176.8, tsnr_house_left=140.5, tsnr_face_right=123.5, tsnr_word_right=123.5, tsnr_object_right=155.6, tsnr_house_right=139.2
=== sub-086 ses-01 ===
  SKIP: pre-surgical or no intact_hemi
=== sub-086 ses-02 ===
  run-01: rot=0.0394° trans=0.0369mm | tsnr_face_left=190.8, tsnr_word_left=190.8, tsnr_object_left=163.3, tsnr_house_left=146.1
  run-02: rot=0.0467° trans=0.0646mm | tsnr_face_left=197.9, tsnr_word_left=197.9, tsnr_object_left=167.1, tsnr_house_left=150.6
=== sub-087 ses-01 ===
  run-01: rot=0.0526° trans=0.0612mm | tsnr_face_left=126.1, tsnr_word_left=126.1, tsnr_object_left=171.7, tsnr_house_left=131.6, tsnr_face_right=120.0, tsnr_word_right=120.0, tsnr_object_right=153.1, tsnr_house_right=137.2
  run-02: rot=0.0461° trans=0.0707mm | tsnr_face_left=125.8, tsnr_word_left=125.8, tsnr_object_left=164.0, tsnr_house_left=128.0, tsnr_face_right=119.7, tsnr_word_right=119.7, tsnr_object_right=146.2, tsnr_house_right=134.2
  run-03: rot=0.0514° trans=0.0325mm | tsnr_face_left=129.4, tsnr_word_left=129.4, tsnr_object_left=169.9, tsnr_house_left=133.0, tsnr_face_right=119.9, tsnr_word_right=119.9, tsnr_object_right=150.5, tsnr_house_right=136.8
=== sub-088 ses-01 ===
  run-01: rot=0.0203° trans=0.0349mm | tsnr_face_left=166.8, tsnr_word_left=166.8, tsnr_object_left=154.4, tsnr_house_left=158.9, tsnr_face_right=152.9, tsnr_word_right=152.9, tsnr_object_right=142.4, tsnr_house_right=168.4
  run-02: rot=0.0139° trans=0.0315mm | tsnr_face_left=170.1, tsnr_word_left=170.1, tsnr_object_left=161.7, tsnr_house_left=165.7, tsnr_face_right=155.1, tsnr_word_right=155.1, tsnr_object_right=145.7, tsnr_house_right=176.3
  run-03: rot=0.0235° trans=0.0275mm | tsnr_face_left=170.4, tsnr_word_left=170.4, tsnr_object_left=169.6, tsnr_house_left=168.7, tsnr_face_right=159.0, tsnr_word_right=159.0, tsnr_object_right=154.1, tsnr_house_right=176.9
=== sub-089 ses-01 ===
  run-01: rot=0.0267° trans=0.0450mm | tsnr_face_left=146.1, tsnr_word_left=146.1, tsnr_object_left=168.5, tsnr_house_left=147.3
  run-02: rot=0.0334° trans=0.0422mm | tsnr_face_left=146.1, tsnr_word_left=146.1, tsnr_object_left=170.0, tsnr_house_left=148.7
  run-03: rot=0.0196° trans=0.0315mm | tsnr_face_left=142.6, tsnr_word_left=142.6, tsnr_object_left=168.5, tsnr_house_left=144.8
=== sub-090 ses-01 ===
  run-01: rot=0.0302° trans=0.0990mm | tsnr_face_right=113.2, tsnr_word_right=113.2, tsnr_object_right=113.5, tsnr_house_right=135.2
  run-02: rot=0.0332° trans=0.0336mm | tsnr_face_right=130.8, tsnr_word_right=130.8, tsnr_object_right=125.8, tsnr_house_right=140.7
  run-03: rot=0.0151° trans=0.0370mm | tsnr_face_right=131.3, tsnr_word_right=131.3, tsnr_object_right=124.1, tsnr_house_right=135.1
=== sub-091 ses-01 ===
  run-01: rot=0.0920° trans=0.1121mm | tsnr_face_left=104.0, tsnr_word_left=104.0, tsnr_object_left=125.1, tsnr_house_left=125.0
  run-02: rot=0.0426° trans=0.0533mm | tsnr_face_left=142.9, tsnr_word_left=142.9, tsnr_object_left=186.2, tsnr_house_left=170.9
  run-03: rot=0.0630° trans=0.1019mm | tsnr_face_left=104.8, tsnr_word_left=104.8, tsnr_object_left=128.8, tsnr_house_left=130.2
=== sub-092 ses-01 ===
  run-01: rot=0.1348° trans=0.1324mm | tsnr_face_right=101.1, tsnr_word_right=101.1, tsnr_object_right=108.4, tsnr_house_right=110.9
  run-02: rot=0.0870° trans=0.1043mm | tsnr_face_right=103.0, tsnr_word_right=103.0, tsnr_object_right=115.1, tsnr_house_right=115.7
  run-03: rot=0.0629° trans=0.1428mm | tsnr_face_right=122.0, tsnr_word_right=122.0, tsnr_object_right=148.3, tsnr_house_right=140.6
=== sub-093 ses-01 ===
  run-01: rot=0.0395° trans=0.0584mm | tsnr_face_left=97.1, tsnr_word_left=97.1, tsnr_object_left=117.4, tsnr_house_left=106.9, tsnr_face_right=92.7, tsnr_word_right=92.7, tsnr_object_right=112.7, tsnr_house_right=108.7
  run-02: rot=0.0346° trans=0.0550mm | tsnr_face_left=119.4, tsnr_word_left=119.4, tsnr_object_left=141.4, tsnr_house_left=121.8, tsnr_face_right=107.9, tsnr_word_right=107.9, tsnr_object_right=131.3, tsnr_house_right=124.5
  run-03: rot=0.1440° trans=0.1416mm | tsnr_face_left=99.6, tsnr_word_left=99.6, tsnr_object_left=111.1, tsnr_house_left=103.8, tsnr_face_right=91.7, tsnr_word_right=91.7, tsnr_object_right=104.3, tsnr_house_right=107.0
=== sub-094 ses-01 ===
  run-01: rot=0.1209° trans=0.1250mm | tsnr_face_left=154.0, tsnr_word_left=154.0, tsnr_object_left=159.1, tsnr_house_left=158.6, tsnr_face_right=157.3, tsnr_word_right=157.3, tsnr_object_right=161.0, tsnr_house_right=161.8
  run-02: rot=0.0660° trans=0.0633mm | tsnr_face_left=149.6, tsnr_word_left=149.6, tsnr_object_left=163.9, tsnr_house_left=148.1, tsnr_face_right=143.5, tsnr_word_right=143.5, tsnr_object_right=153.3, tsnr_house_right=156.9
  run-03: rot=0.0822° trans=0.0580mm | tsnr_face_left=145.5, tsnr_word_left=145.5, tsnr_object_left=162.0, tsnr_house_left=145.7, tsnr_face_right=140.6, tsnr_word_right=140.6, tsnr_object_right=146.6, tsnr_house_right=157.6
=== sub-095 ses-01 ===
  run-01: rot=0.0628° trans=0.0896mm | tsnr_face_left=102.9, tsnr_word_left=102.9, tsnr_object_left=155.5, tsnr_house_left=115.3, tsnr_face_right=93.7, tsnr_word_right=93.7, tsnr_object_right=141.5, tsnr_house_right=113.7
  run-02: rot=0.0396° trans=0.0909mm | tsnr_face_left=115.9, tsnr_word_left=115.9, tsnr_object_left=163.0, tsnr_house_left=123.7, tsnr_face_right=105.6, tsnr_word_right=105.6, tsnr_object_right=149.7, tsnr_house_right=122.3
  run-03: rot=0.0762° trans=0.1406mm | tsnr_face_left=111.5, tsnr_word_left=111.5, tsnr_object_left=158.3, tsnr_house_left=117.7, tsnr_face_right=100.0, tsnr_word_right=100.0, tsnr_object_right=144.6, tsnr_house_right=116.2
=== sub-096 ses-01 ===
  run-01: rot=0.0560° trans=0.0431mm | tsnr_face_left=131.5, tsnr_word_left=131.5, tsnr_object_left=174.1, tsnr_house_left=142.2, tsnr_face_right=128.0, tsnr_word_right=128.0, tsnr_object_right=196.0, tsnr_house_right=139.1
  run-02: rot=0.0916° trans=0.0927mm | tsnr_face_left=126.8, tsnr_word_left=126.8, tsnr_object_left=172.2, tsnr_house_left=132.7, tsnr_face_right=122.8, tsnr_word_right=122.8, tsnr_object_right=202.3, tsnr_house_right=130.0
  run-03: rot=0.0589° trans=0.0545mm | tsnr_face_left=121.7, tsnr_word_left=121.7, tsnr_object_left=159.9, tsnr_house_left=125.7, tsnr_face_right=114.8, tsnr_word_right=114.8, tsnr_object_right=188.4, tsnr_house_right=122.5
=== sub-097 ses-01 ===
  run-01: rot=0.0376° trans=0.0468mm | tsnr_face_left=141.3, tsnr_word_left=141.3, tsnr_object_left=179.5, tsnr_house_left=155.1, tsnr_face_right=131.7, tsnr_word_right=131.7, tsnr_object_right=179.4, tsnr_house_right=154.8
  run-02: rot=0.0231° trans=0.0324mm | tsnr_face_left=141.4, tsnr_word_left=141.4, tsnr_object_left=185.9, tsnr_house_left=158.8, tsnr_face_right=130.0, tsnr_word_right=130.0, tsnr_object_right=181.8, tsnr_house_right=157.1
  run-03: rot=0.0280° trans=0.0195mm | tsnr_face_left=139.3, tsnr_word_left=139.3, tsnr_object_left=182.8, tsnr_house_left=161.5, tsnr_face_right=129.2, tsnr_word_right=129.2, tsnr_object_right=179.7, tsnr_house_right=160.3

Saved per-run: /user_data/csimmon2/sym_pt/group_results/confounds/confound_by_run.csv (223 rows)
Saved summary: /user_data/csimmon2/sym_pt/group_results/confounds/confound_summary.csv (74 rows)

======================================================================
GROUP SUMMARY (for paper reporting)
======================================================================

Controls (n=24):
  Rotation:    M=0.0648°  SD=0.0480  range=[0.0192, 0.2718]
  Translation: M=0.0835mm  SD=0.0916  range=[0.0313, 0.5376]
  Mean tSNR:   M=133.02  SD=29.87  range=[25.97, 185.47]

Patients (OTC) (n=17):
  Rotation:    M=0.1772°  SD=0.1650  range=[0.0262, 0.7604]
  Translation: M=0.1621mm  SD=0.1164  range=[0.0311, 0.5336]
  Mean tSNR:   M=108.34  SD=34.74  range=[30.85, 162.46]

Patients (nonOTC) (n=9):
  Rotation:    M=0.0693°  SD=0.0492  range=[0.0292, 0.2116]
  Translation: M=0.0650mm  SD=0.0215  range=[0.0378, 0.1147]
  Mean tSNR:   M=147.40  SD=28.61  range=[110.52, 192.15]

All Patients (n=26):
  Rotation:    M=0.1421°  SD=0.1467  range=[0.0262, 0.7604]
  Translation: M=0.1306mm  SD=0.1063  range=[0.0311, 0.5336]
  Mean tSNR:   M=121.04  SD=37.41  range=[30.85, 192.15]

──────────────────────────────────────────────────────────────────────
Subjects with mean rotation > 0.25° or translation > 0.20mm:
  sub-004 ses-01 (OTC): rot=0.4287° trans=0.2736mm
  sub-004 ses-02 (OTC): rot=0.2613° trans=0.2560mm
  sub-017 ses-03 (OTC): rot=0.4850° trans=0.3289mm
  sub-017 ses-04 (OTC): rot=0.2469° trans=0.2118mm
  sub-027 ses-01 (control): rot=0.2718° trans=0.5376mm
  sub-058 ses-01 (control): rot=0.1435° trans=0.2393mm
  sub-067 ses-02 (control): rot=0.1651° trans=0.2072mm
  sub-069 ses-01 (OTC): rot=0.7604° trans=0.5336mm
  sub-074 ses-01 (OTC): rot=0.1398° trans=0.3198mm
  sub-075 ses-01 (OTC): rot=0.2481° trans=0.2659mm
  sub-076 ses-01 (OTC): rot=0.3015° trans=0.3144mm
  sub-079 ses-01 (OTC): rot=0.2665° trans=0.1025mm

Done!
