Processing 022 on mind-0-15

--- Staging ROIs from /user_data/csimmon2/git_repos/long_pt/roiParcels ---
  Checking for Bilateral Masks to Split...
--- RUNNING SINGLE SUBJECT MODE: 022 ---

Processing 022 Session 1...

Processing 022 Session 2...
  Warping parcel_rRSC...
RUNNING: applywarp --ref=/user_data/csimmon2/sym_pt/sub-022/ses-02/anat/T1w_brain.nii.gz --in=/user_data/csimmon2/sym_pt/rois/parcel_rRSC.nii.gz --warp=/user_data/csimmon2/sym_pt/sub-022/ses-02/anat/mni_to_native_warp.nii.gz --out=/user_data/csimmon2/sym_pt/sub-022/ses-02/derivatives/rois/parcel_rRSC.nii.gz --interp=nn
  Warping infantOFA...
RUNNING: applywarp --ref=/user_data/csimmon2/sym_pt/sub-022/ses-02/anat/T1w_brain.nii.gz --in=/user_data/csimmon2/sym_pt/rois/infantOFA.nii.gz --warp=/user_data/csimmon2/sym_pt/sub-022/ses-02/anat/mni_to_native_warp.nii.gz --out=/user_data/csimmon2/sym_pt/sub-022/ses-02/derivatives/rois/infantOFA.nii.gz --interp=nn
  Warping rPFS...
RUNNING: applywarp --ref=/user_data/csimmon2/sym_pt/sub-022/ses-02/anat/T1w_brain.nii.gz --in=/user_data/csimmon2/sym_pt/rois/rPFS.nii.gz --warp=/user_data/csimmon2/sym_pt/sub-022/ses-02/anat/mni_to_native_warp.nii.gz --out=/user_data/csimmon2/sym_pt/sub-022/ses-02/derivatives/rois/rPFS.nii.gz --interp=nn
  Warping parcel_lOPA_1...
RUNNING: applywarp --ref=/user_data/csimmon2/sym_pt/sub-022/ses-02/anat/T1w_brain.nii.gz --in=/user_data/csimmon2/sym_pt/rois/parcel_lOPA_1.nii.gz --warp=/user_data/csimmon2/sym_pt/sub-022/ses-02/anat/mni_to_native_warp.nii.gz --out=/user_data/csimmon2/sym_pt/sub-022/ses-02/derivatives/rois/parcel_lOPA_1.nii.gz --interp=nn
  Warping infantFFA...
RUNNING: applywarp --ref=/user_data/csimmon2/sym_pt/sub-022/ses-02/anat/T1w_brain.nii.gz --in=/user_data/csimmon2/sym_pt/rois/infantFFA.nii.gz --warp=/user_data/csimmon2/sym_pt/sub-022/ses-02/anat/mni_to_native_warp.nii.gz --out=/user_data/csimmon2/sym_pt/sub-022/ses-02/derivatives/rois/infantFFA.nii.gz --interp=nn
  Warping parcel_rOPA...
RUNNING: applywarp --ref=/user_data/csimmon2/sym_pt/sub-022/ses-02/anat/T1w_brain.nii.gz --in=/user_data/csimmon2/sym_pt/rois/parcel_rOPA.nii.gz --warp=/user_data/csimmon2/sym_pt/sub-022/ses-02/anat/mni_to_native_warp.nii.gz --out=/user_data/csimmon2/sym_pt/sub-022/ses-02/derivatives/rois/parcel_rOPA.nii.gz --interp=nn
  Warping rVentral...
RUNNING: applywarp --ref=/user_data/csimmon2/sym_pt/sub-022/ses-02/anat/T1w_brain.nii.gz --in=/user_data/csimmon2/sym_pt/rois/rVentral.nii.gz --warp=/user_data/csimmon2/sym_pt/sub-022/ses-02/anat/mni_to_native_warp.nii.gz --out=/user_data/csimmon2/sym_pt/sub-022/ses-02/derivatives/rois/rVentral.nii.gz --interp=nn
  Warping rPPA...
RUNNING: applywarp --ref=/user_data/csimmon2/sym_pt/sub-022/ses-02/anat/T1w_brain.nii.gz --in=/user_data/csimmon2/sym_pt/rois/rPPA.nii.gz --warp=/user_data/csimmon2/sym_pt/sub-022/ses-02/anat/mni_to_native_warp.nii.gz --out=/user_data/csimmon2/sym_pt/sub-022/ses-02/derivatives/rois/rPPA.nii.gz --interp=nn
  Warping lDorsal...
RUNNING: applywarp --ref=/user_data/csimmon2/sym_pt/sub-022/ses-02/anat/T1w_brain.nii.gz --in=/user_data/csimmon2/sym_pt/rois/lDorsal.nii.gz --warp=/user_data/csimmon2/sym_pt/sub-022/ses-02/anat/mni_to_native_warp.nii.gz --out=/user_data/csimmon2/sym_pt/sub-022/ses-02/derivatives/rois/lDorsal.nii.gz --interp=nn
  Warping lFFA...
RUNNING: applywarp --ref=/user_data/csimmon2/sym_pt/sub-022/ses-02/anat/T1w_brain.nii.gz --in=/user_data/csimmon2/sym_pt/rois/lFFA.nii.gz --warp=/user_data/csimmon2/sym_pt/sub-022/ses-02/anat/mni_to_native_warp.nii.gz --out=/user_data/csimmon2/sym_pt/sub-022/ses-02/derivatives/rois/lFFA.nii.gz --interp=nn
