Processing 068 on mind-0-15
WARNING:: Flipping Left/Right orientation (as det < 0)
WARNING:: Flipping Left/Right orientation (as det < 0)

--- Staging ROIs from /user_data/csimmon2/git_repos/long_pt/roiParcels ---
  Checking for Bilateral Masks to Split...
--- RUNNING SINGLE SUBJECT MODE: 068 ---

Processing 068 Session 2...
  Copying T1 from /lab_data/behrmannlab/hemi/Raw/sub-068/ses-02/anat/sub-068_ses-02_T1w.nii.gz
  Skull stripping...
RUNNING: bet /user_data/csimmon2/sym_pt/sub-068/ses-02/anat/T1w.nii.gz /user_data/csimmon2/sym_pt/sub-068/ses-02/anat/T1w_brain.nii.gz -R -f 0.5 -g 0
RUNNING: fslswapdim /user_data/csimmon2/sym_pt/sub-068/ses-02/anat/T1w_brain.nii.gz -x y z /user_data/csimmon2/sym_pt/sub-068/ses-02/anat/T1w_mirror_flipped
RUNNING: flirt -in /user_data/csimmon2/sym_pt/sub-068/ses-02/anat/T1w_mirror_flipped -ref /user_data/csimmon2/sym_pt/sub-068/ses-02/anat/T1w_brain.nii.gz -out /user_data/csimmon2/sym_pt/sub-068/ses-02/anat/T1w_mirror_registered -omat /user_data/csimmon2/sym_pt/sub-068/ses-02/anat/T1w_mirror.mat -dof 6
RUNNING: fslmaths /user_data/csimmon2/sym_pt/sub-068/ses-02/anat/T1w_brain.nii.gz -add /user_data/csimmon2/sym_pt/sub-068/ses-02/anat/T1w_mirror_registered -div 2 /user_data/csimmon2/sym_pt/sub-068/ses-02/anat/T1w_mirror
  Calculating MNI Transforms (FLIRT + FNIRT)...
RUNNING: flirt -in /user_data/csimmon2/sym_pt/sub-068/ses-02/anat/T1w_mirror.nii.gz -ref /opt/fsl/6.0.3/data/standard/MNI152_T1_2mm_brain.nii.gz -out /user_data/csimmon2/sym_pt/sub-068/ses-02/anat/native_to_mni_linear -omat /user_data/csimmon2/sym_pt/sub-068/ses-02/anat/native_to_mni.mat
RUNNING: fnirt --in=/user_data/csimmon2/sym_pt/sub-068/ses-02/anat/T1w.nii.gz --aff=/user_data/csimmon2/sym_pt/sub-068/ses-02/anat/native_to_mni.mat --cout=/user_data/csimmon2/sym_pt/sub-068/ses-02/anat/native_to_mni_warp --config=T1_2_MNI152_2mm --ref=/opt/fsl/6.0.3/data/standard/MNI152_T1_2mm.nii.gz
  Inverting Warp Field...
RUNNING: invwarp --ref=/user_data/csimmon2/sym_pt/sub-068/ses-02/anat/T1w_brain.nii.gz --warp=/user_data/csimmon2/sym_pt/sub-068/ses-02/anat/native_to_mni_warp --out=/user_data/csimmon2/sym_pt/sub-068/ses-02/anat/mni_to_native_warp.nii.gz
  Warping lPPA...
RUNNING: applywarp --ref=/user_data/csimmon2/sym_pt/sub-068/ses-02/anat/T1w_brain.nii.gz --in=/user_data/csimmon2/sym_pt/rois/lPPA.nii.gz --warp=/user_data/csimmon2/sym_pt/sub-068/ses-02/anat/mni_to_native_warp.nii.gz --out=/user_data/csimmon2/sym_pt/sub-068/ses-02/derivatives/rois/lPPA.nii.gz --interp=nn
  Warping PFS...
RUNNING: applywarp --ref=/user_data/csimmon2/sym_pt/sub-068/ses-02/anat/T1w_brain.nii.gz --in=/user_data/csimmon2/sym_pt/rois/PFS.nii.gz --warp=/user_data/csimmon2/sym_pt/sub-068/ses-02/anat/mni_to_native_warp.nii.gz --out=/user_data/csimmon2/sym_pt/sub-068/ses-02/derivatives/rois/PFS.nii.gz --interp=nn
  Warping rFFA...
RUNNING: applywarp --ref=/user_data/csimmon2/sym_pt/sub-068/ses-02/anat/T1w_brain.nii.gz --in=/user_data/csimmon2/sym_pt/rois/rFFA.nii.gz --warp=/user_data/csimmon2/sym_pt/sub-068/ses-02/anat/mni_to_native_warp.nii.gz --out=/user_data/csimmon2/sym_pt/sub-068/ses-02/derivatives/rois/rFFA.nii.gz --interp=nn
  Warping parcel_lOPA_2...
RUNNING: applywarp --ref=/user_data/csimmon2/sym_pt/sub-068/ses-02/anat/T1w_brain.nii.gz --in=/user_data/csimmon2/sym_pt/rois/parcel_lOPA_2.nii.gz --warp=/user_data/csimmon2/sym_pt/sub-068/ses-02/anat/mni_to_native_warp.nii.gz --out=/user_data/csimmon2/sym_pt/sub-068/ses-02/derivatives/rois/parcel_lOPA_2.nii.gz --interp=nn
  Warping lOPA...
RUNNING: applywarp --ref=/user_data/csimmon2/sym_pt/sub-068/ses-02/anat/T1w_brain.nii.gz --in=/user_data/csimmon2/sym_pt/rois/lOPA.nii.gz --warp=/user_data/csimmon2/sym_pt/sub-068/ses-02/anat/mni_to_native_warp.nii.gz --out=/user_data/csimmon2/sym_pt/sub-068/ses-02/derivatives/rois/lOPA.nii.gz --interp=nn
  Warping parcel_lRSC...
RUNNING: applywarp --ref=/user_data/csimmon2/sym_pt/sub-068/ses-02/anat/T1w_brain.nii.gz --in=/user_data/csimmon2/sym_pt/rois/parcel_lRSC.nii.gz --warp=/user_data/csimmon2/sym_pt/sub-068/ses-02/anat/mni_to_native_warp.nii.gz --out=/user_data/csimmon2/sym_pt/sub-068/ses-02/derivatives/rois/parcel_lRSC.nii.gz --interp=nn
  Warping lPFS...
RUNNING: applywarp --ref=/user_data/csimmon2/sym_pt/sub-068/ses-02/anat/T1w_brain.nii.gz --in=/user_data/csimmon2/sym_pt/rois/lPFS.nii.gz --warp=/user_data/csimmon2/sym_pt/sub-068/ses-02/anat/mni_to_native_warp.nii.gz --out=/user_data/csimmon2/sym_pt/sub-068/ses-02/derivatives/rois/lPFS.nii.gz --interp=nn
  Warping rOFA...
RUNNING: applywarp --ref=/user_data/csimmon2/sym_pt/sub-068/ses-02/anat/T1w_brain.nii.gz --in=/user_data/csimmon2/sym_pt/rois/rOFA.nii.gz --warp=/user_data/csimmon2/sym_pt/sub-068/ses-02/anat/mni_to_native_warp.nii.gz --out=/user_data/csimmon2/sym_pt/sub-068/ses-02/derivatives/rois/rOFA.nii.gz --interp=nn
  Warping rLO2...
RUNNING: applywarp --ref=/user_data/csimmon2/sym_pt/sub-068/ses-02/anat/T1w_brain.nii.gz --in=/user_data/csimmon2/sym_pt/rois/rLO2.nii.gz --warp=/user_data/csimmon2/sym_pt/sub-068/ses-02/anat/mni_to_native_warp.nii.gz --out=/user_data/csimmon2/sym_pt/sub-068/ses-02/derivatives/rois/rLO2.nii.gz --interp=nn
  Warping rDorsal...
RUNNING: applywarp --ref=/user_data/csimmon2/sym_pt/sub-068/ses-02/anat/T1w_brain.nii.gz --in=/user_data/csimmon2/sym_pt/rois/rDorsal.nii.gz --warp=/user_data/csimmon2/sym_pt/sub-068/ses-02/anat/mni_to_native_warp.nii.gz --out=/user_data/csimmon2/sym_pt/sub-068/ses-02/derivatives/rois/rDorsal.nii.gz --interp=nn
  Warping lLO1...
RUNNING: applywarp --ref=/user_data/csimmon2/sym_pt/sub-068/ses-02/anat/T1w_brain.nii.gz --in=/user_data/csimmon2/sym_pt/rois/lLO1.nii.gz --warp=/user_data/csimmon2/sym_pt/sub-068/ses-02/anat/mni_to_native_warp.nii.gz --out=/user_data/csimmon2/sym_pt/sub-068/ses-02/derivatives/rois/lLO1.nii.gz --interp=nn
  Warping lOFA...
RUNNING: applywarp --ref=/user_data/csimmon2/sym_pt/sub-068/ses-02/anat/T1w_brain.nii.gz --in=/user_data/csimmon2/sym_pt/rois/lOFA.nii.gz --warp=/user_data/csimmon2/sym_pt/sub-068/ses-02/anat/mni_to_native_warp.nii.gz --out=/user_data/csimmon2/sym_pt/sub-068/ses-02/derivatives/rois/lOFA.nii.gz --interp=nn
  Warping lLO2...
RUNNING: applywarp --ref=/user_data/csimmon2/sym_pt/sub-068/ses-02/anat/T1w_brain.nii.gz --in=/user_data/csimmon2/sym_pt/rois/lLO2.nii.gz --warp=/user_data/csimmon2/sym_pt/sub-068/ses-02/anat/mni_to_native_warp.nii.gz --out=/user_data/csimmon2/sym_pt/sub-068/ses-02/derivatives/rois/lLO2.nii.gz --interp=nn
  Warping LO...
RUNNING: applywarp --ref=/user_data/csimmon2/sym_pt/sub-068/ses-02/anat/T1w_brain.nii.gz --in=/user_data/csimmon2/sym_pt/rois/LO.nii.gz --warp=/user_data/csimmon2/sym_pt/sub-068/ses-02/anat/mni_to_native_warp.nii.gz --out=/user_data/csimmon2/sym_pt/sub-068/ses-02/derivatives/rois/LO.nii.gz --interp=nn
  Warping rLO1...
RUNNING: applywarp --ref=/user_data/csimmon2/sym_pt/sub-068/ses-02/anat/T1w_brain.nii.gz --in=/user_data/csimmon2/sym_pt/rois/rLO1.nii.gz --warp=/user_data/csimmon2/sym_pt/sub-068/ses-02/anat/mni_to_native_warp.nii.gz --out=/user_data/csimmon2/sym_pt/sub-068/ses-02/derivatives/rois/rLO1.nii.gz --interp=nn
  Warping lVentral...
RUNNING: applywarp --ref=/user_data/csimmon2/sym_pt/sub-068/ses-02/anat/T1w_brain.nii.gz --in=/user_data/csimmon2/sym_pt/rois/lVentral.nii.gz --warp=/user_data/csimmon2/sym_pt/sub-068/ses-02/anat/mni_to_native_warp.nii.gz --out=/user_data/csimmon2/sym_pt/sub-068/ses-02/derivatives/rois/lVentral.nii.gz --interp=nn
  Warping lLO...
RUNNING: applywarp --ref=/user_data/csimmon2/sym_pt/sub-068/ses-02/anat/T1w_brain.nii.gz --in=/user_data/csimmon2/sym_pt/rois/lLO.nii.gz --warp=/user_data/csimmon2/sym_pt/sub-068/ses-02/anat/mni_to_native_warp.nii.gz --out=/user_data/csimmon2/sym_pt/sub-068/ses-02/derivatives/rois/lLO.nii.gz --interp=nn
  Warping rLO...
RUNNING: applywarp --ref=/user_data/csimmon2/sym_pt/sub-068/ses-02/anat/T1w_brain.nii.gz --in=/user_data/csimmon2/sym_pt/rois/rLO.nii.gz --warp=/user_data/csimmon2/sym_pt/sub-068/ses-02/anat/mni_to_native_warp.nii.gz --out=/user_data/csimmon2/sym_pt/sub-068/ses-02/derivatives/rois/rLO.nii.gz --interp=nn
  Warping parcel_rRSC...
RUNNING: applywarp --ref=/user_data/csimmon2/sym_pt/sub-068/ses-02/anat/T1w_brain.nii.gz --in=/user_data/csimmon2/sym_pt/rois/parcel_rRSC.nii.gz --warp=/user_data/csimmon2/sym_pt/sub-068/ses-02/anat/mni_to_native_warp.nii.gz --out=/user_data/csimmon2/sym_pt/sub-068/ses-02/derivatives/rois/parcel_rRSC.nii.gz --interp=nn
  Warping infantOFA...
RUNNING: applywarp --ref=/user_data/csimmon2/sym_pt/sub-068/ses-02/anat/T1w_brain.nii.gz --in=/user_data/csimmon2/sym_pt/rois/infantOFA.nii.gz --warp=/user_data/csimmon2/sym_pt/sub-068/ses-02/anat/mni_to_native_warp.nii.gz --out=/user_data/csimmon2/sym_pt/sub-068/ses-02/derivatives/rois/infantOFA.nii.gz --interp=nn
  Warping rPFS...
RUNNING: applywarp --ref=/user_data/csimmon2/sym_pt/sub-068/ses-02/anat/T1w_brain.nii.gz --in=/user_data/csimmon2/sym_pt/rois/rPFS.nii.gz --warp=/user_data/csimmon2/sym_pt/sub-068/ses-02/anat/mni_to_native_warp.nii.gz --out=/user_data/csimmon2/sym_pt/sub-068/ses-02/derivatives/rois/rPFS.nii.gz --interp=nn
  Warping parcel_lOPA_1...
RUNNING: applywarp --ref=/user_data/csimmon2/sym_pt/sub-068/ses-02/anat/T1w_brain.nii.gz --in=/user_data/csimmon2/sym_pt/rois/parcel_lOPA_1.nii.gz --warp=/user_data/csimmon2/sym_pt/sub-068/ses-02/anat/mni_to_native_warp.nii.gz --out=/user_data/csimmon2/sym_pt/sub-068/ses-02/derivatives/rois/parcel_lOPA_1.nii.gz --interp=nn
  Warping infantFFA...
RUNNING: applywarp --ref=/user_data/csimmon2/sym_pt/sub-068/ses-02/anat/T1w_brain.nii.gz --in=/user_data/csimmon2/sym_pt/rois/infantFFA.nii.gz --warp=/user_data/csimmon2/sym_pt/sub-068/ses-02/anat/mni_to_native_warp.nii.gz --out=/user_data/csimmon2/sym_pt/sub-068/ses-02/derivatives/rois/infantFFA.nii.gz --interp=nn
  Warping parcel_rOPA...
RUNNING: applywarp --ref=/user_data/csimmon2/sym_pt/sub-068/ses-02/anat/T1w_brain.nii.gz --in=/user_data/csimmon2/sym_pt/rois/parcel_rOPA.nii.gz --warp=/user_data/csimmon2/sym_pt/sub-068/ses-02/anat/mni_to_native_warp.nii.gz --out=/user_data/csimmon2/sym_pt/sub-068/ses-02/derivatives/rois/parcel_rOPA.nii.gz --interp=nn
  Warping rVentral...
RUNNING: applywarp --ref=/user_data/csimmon2/sym_pt/sub-068/ses-02/anat/T1w_brain.nii.gz --in=/user_data/csimmon2/sym_pt/rois/rVentral.nii.gz --warp=/user_data/csimmon2/sym_pt/sub-068/ses-02/anat/mni_to_native_warp.nii.gz --out=/user_data/csimmon2/sym_pt/sub-068/ses-02/derivatives/rois/rVentral.nii.gz --interp=nn
  Warping rPPA...
RUNNING: applywarp --ref=/user_data/csimmon2/sym_pt/sub-068/ses-02/anat/T1w_brain.nii.gz --in=/user_data/csimmon2/sym_pt/rois/rPPA.nii.gz --warp=/user_data/csimmon2/sym_pt/sub-068/ses-02/anat/mni_to_native_warp.nii.gz --out=/user_data/csimmon2/sym_pt/sub-068/ses-02/derivatives/rois/rPPA.nii.gz --interp=nn
  Warping lDorsal...
RUNNING: applywarp --ref=/user_data/csimmon2/sym_pt/sub-068/ses-02/anat/T1w_brain.nii.gz --in=/user_data/csimmon2/sym_pt/rois/lDorsal.nii.gz --warp=/user_data/csimmon2/sym_pt/sub-068/ses-02/anat/mni_to_native_warp.nii.gz --out=/user_data/csimmon2/sym_pt/sub-068/ses-02/derivatives/rois/lDorsal.nii.gz --interp=nn
  Warping lFFA...
RUNNING: applywarp --ref=/user_data/csimmon2/sym_pt/sub-068/ses-02/anat/T1w_brain.nii.gz --in=/user_data/csimmon2/sym_pt/rois/lFFA.nii.gz --warp=/user_data/csimmon2/sym_pt/sub-068/ses-02/anat/mni_to_native_warp.nii.gz --out=/user_data/csimmon2/sym_pt/sub-068/ses-02/derivatives/rois/lFFA.nii.gz --interp=nn

Processing 068 Session 3...
  Copying T1 from /lab_data/behrmannlab/hemi/Raw/sub-068/ses-03/anat/sub-068_ses-03_T1w.nii.gz
  Skull stripping...
RUNNING: bet /user_data/csimmon2/sym_pt/sub-068/ses-03/anat/T1w.nii.gz /user_data/csimmon2/sym_pt/sub-068/ses-03/anat/T1w_brain.nii.gz -R -f 0.5 -g 0
RUNNING: fslswapdim /user_data/csimmon2/sym_pt/sub-068/ses-03/anat/T1w_brain.nii.gz -x y z /user_data/csimmon2/sym_pt/sub-068/ses-03/anat/T1w_mirror_flipped
RUNNING: flirt -in /user_data/csimmon2/sym_pt/sub-068/ses-03/anat/T1w_mirror_flipped -ref /user_data/csimmon2/sym_pt/sub-068/ses-03/anat/T1w_brain.nii.gz -out /user_data/csimmon2/sym_pt/sub-068/ses-03/anat/T1w_mirror_registered -omat /user_data/csimmon2/sym_pt/sub-068/ses-03/anat/T1w_mirror.mat -dof 6
RUNNING: fslmaths /user_data/csimmon2/sym_pt/sub-068/ses-03/anat/T1w_brain.nii.gz -add /user_data/csimmon2/sym_pt/sub-068/ses-03/anat/T1w_mirror_registered -div 2 /user_data/csimmon2/sym_pt/sub-068/ses-03/anat/T1w_mirror
  Calculating MNI Transforms (FLIRT + FNIRT)...
RUNNING: flirt -in /user_data/csimmon2/sym_pt/sub-068/ses-03/anat/T1w_mirror.nii.gz -ref /opt/fsl/6.0.3/data/standard/MNI152_T1_2mm_brain.nii.gz -out /user_data/csimmon2/sym_pt/sub-068/ses-03/anat/native_to_mni_linear -omat /user_data/csimmon2/sym_pt/sub-068/ses-03/anat/native_to_mni.mat
RUNNING: fnirt --in=/user_data/csimmon2/sym_pt/sub-068/ses-03/anat/T1w.nii.gz --aff=/user_data/csimmon2/sym_pt/sub-068/ses-03/anat/native_to_mni.mat --cout=/user_data/csimmon2/sym_pt/sub-068/ses-03/anat/native_to_mni_warp --config=T1_2_MNI152_2mm --ref=/opt/fsl/6.0.3/data/standard/MNI152_T1_2mm.nii.gz
  Inverting Warp Field...
RUNNING: invwarp --ref=/user_data/csimmon2/sym_pt/sub-068/ses-03/anat/T1w_brain.nii.gz --warp=/user_data/csimmon2/sym_pt/sub-068/ses-03/anat/native_to_mni_warp --out=/user_data/csimmon2/sym_pt/sub-068/ses-03/anat/mni_to_native_warp.nii.gz
  Warping lPPA...
RUNNING: applywarp --ref=/user_data/csimmon2/sym_pt/sub-068/ses-03/anat/T1w_brain.nii.gz --in=/user_data/csimmon2/sym_pt/rois/lPPA.nii.gz --warp=/user_data/csimmon2/sym_pt/sub-068/ses-03/anat/mni_to_native_warp.nii.gz --out=/user_data/csimmon2/sym_pt/sub-068/ses-03/derivatives/rois/lPPA.nii.gz --interp=nn
  Warping PFS...
RUNNING: applywarp --ref=/user_data/csimmon2/sym_pt/sub-068/ses-03/anat/T1w_brain.nii.gz --in=/user_data/csimmon2/sym_pt/rois/PFS.nii.gz --warp=/user_data/csimmon2/sym_pt/sub-068/ses-03/anat/mni_to_native_warp.nii.gz --out=/user_data/csimmon2/sym_pt/sub-068/ses-03/derivatives/rois/PFS.nii.gz --interp=nn
  Warping rFFA...
RUNNING: applywarp --ref=/user_data/csimmon2/sym_pt/sub-068/ses-03/anat/T1w_brain.nii.gz --in=/user_data/csimmon2/sym_pt/rois/rFFA.nii.gz --warp=/user_data/csimmon2/sym_pt/sub-068/ses-03/anat/mni_to_native_warp.nii.gz --out=/user_data/csimmon2/sym_pt/sub-068/ses-03/derivatives/rois/rFFA.nii.gz --interp=nn
  Warping parcel_lOPA_2...
RUNNING: applywarp --ref=/user_data/csimmon2/sym_pt/sub-068/ses-03/anat/T1w_brain.nii.gz --in=/user_data/csimmon2/sym_pt/rois/parcel_lOPA_2.nii.gz --warp=/user_data/csimmon2/sym_pt/sub-068/ses-03/anat/mni_to_native_warp.nii.gz --out=/user_data/csimmon2/sym_pt/sub-068/ses-03/derivatives/rois/parcel_lOPA_2.nii.gz --interp=nn
  Warping lOPA...
RUNNING: applywarp --ref=/user_data/csimmon2/sym_pt/sub-068/ses-03/anat/T1w_brain.nii.gz --in=/user_data/csimmon2/sym_pt/rois/lOPA.nii.gz --warp=/user_data/csimmon2/sym_pt/sub-068/ses-03/anat/mni_to_native_warp.nii.gz --out=/user_data/csimmon2/sym_pt/sub-068/ses-03/derivatives/rois/lOPA.nii.gz --interp=nn
  Warping parcel_lRSC...
RUNNING: applywarp --ref=/user_data/csimmon2/sym_pt/sub-068/ses-03/anat/T1w_brain.nii.gz --in=/user_data/csimmon2/sym_pt/rois/parcel_lRSC.nii.gz --warp=/user_data/csimmon2/sym_pt/sub-068/ses-03/anat/mni_to_native_warp.nii.gz --out=/user_data/csimmon2/sym_pt/sub-068/ses-03/derivatives/rois/parcel_lRSC.nii.gz --interp=nn
  Warping lPFS...
RUNNING: applywarp --ref=/user_data/csimmon2/sym_pt/sub-068/ses-03/anat/T1w_brain.nii.gz --in=/user_data/csimmon2/sym_pt/rois/lPFS.nii.gz --warp=/user_data/csimmon2/sym_pt/sub-068/ses-03/anat/mni_to_native_warp.nii.gz --out=/user_data/csimmon2/sym_pt/sub-068/ses-03/derivatives/rois/lPFS.nii.gz --interp=nn
  Warping rOFA...
RUNNING: applywarp --ref=/user_data/csimmon2/sym_pt/sub-068/ses-03/anat/T1w_brain.nii.gz --in=/user_data/csimmon2/sym_pt/rois/rOFA.nii.gz --warp=/user_data/csimmon2/sym_pt/sub-068/ses-03/anat/mni_to_native_warp.nii.gz --out=/user_data/csimmon2/sym_pt/sub-068/ses-03/derivatives/rois/rOFA.nii.gz --interp=nn
  Warping rLO2...
RUNNING: applywarp --ref=/user_data/csimmon2/sym_pt/sub-068/ses-03/anat/T1w_brain.nii.gz --in=/user_data/csimmon2/sym_pt/rois/rLO2.nii.gz --warp=/user_data/csimmon2/sym_pt/sub-068/ses-03/anat/mni_to_native_warp.nii.gz --out=/user_data/csimmon2/sym_pt/sub-068/ses-03/derivatives/rois/rLO2.nii.gz --interp=nn
  Warping rDorsal...
RUNNING: applywarp --ref=/user_data/csimmon2/sym_pt/sub-068/ses-03/anat/T1w_brain.nii.gz --in=/user_data/csimmon2/sym_pt/rois/rDorsal.nii.gz --warp=/user_data/csimmon2/sym_pt/sub-068/ses-03/anat/mni_to_native_warp.nii.gz --out=/user_data/csimmon2/sym_pt/sub-068/ses-03/derivatives/rois/rDorsal.nii.gz --interp=nn
  Warping lLO1...
RUNNING: applywarp --ref=/user_data/csimmon2/sym_pt/sub-068/ses-03/anat/T1w_brain.nii.gz --in=/user_data/csimmon2/sym_pt/rois/lLO1.nii.gz --warp=/user_data/csimmon2/sym_pt/sub-068/ses-03/anat/mni_to_native_warp.nii.gz --out=/user_data/csimmon2/sym_pt/sub-068/ses-03/derivatives/rois/lLO1.nii.gz --interp=nn
  Warping lOFA...
RUNNING: applywarp --ref=/user_data/csimmon2/sym_pt/sub-068/ses-03/anat/T1w_brain.nii.gz --in=/user_data/csimmon2/sym_pt/rois/lOFA.nii.gz --warp=/user_data/csimmon2/sym_pt/sub-068/ses-03/anat/mni_to_native_warp.nii.gz --out=/user_data/csimmon2/sym_pt/sub-068/ses-03/derivatives/rois/lOFA.nii.gz --interp=nn
  Warping lLO2...
RUNNING: applywarp --ref=/user_data/csimmon2/sym_pt/sub-068/ses-03/anat/T1w_brain.nii.gz --in=/user_data/csimmon2/sym_pt/rois/lLO2.nii.gz --warp=/user_data/csimmon2/sym_pt/sub-068/ses-03/anat/mni_to_native_warp.nii.gz --out=/user_data/csimmon2/sym_pt/sub-068/ses-03/derivatives/rois/lLO2.nii.gz --interp=nn
  Warping LO...
RUNNING: applywarp --ref=/user_data/csimmon2/sym_pt/sub-068/ses-03/anat/T1w_brain.nii.gz --in=/user_data/csimmon2/sym_pt/rois/LO.nii.gz --warp=/user_data/csimmon2/sym_pt/sub-068/ses-03/anat/mni_to_native_warp.nii.gz --out=/user_data/csimmon2/sym_pt/sub-068/ses-03/derivatives/rois/LO.nii.gz --interp=nn
  Warping rLO1...
RUNNING: applywarp --ref=/user_data/csimmon2/sym_pt/sub-068/ses-03/anat/T1w_brain.nii.gz --in=/user_data/csimmon2/sym_pt/rois/rLO1.nii.gz --warp=/user_data/csimmon2/sym_pt/sub-068/ses-03/anat/mni_to_native_warp.nii.gz --out=/user_data/csimmon2/sym_pt/sub-068/ses-03/derivatives/rois/rLO1.nii.gz --interp=nn
  Warping lVentral...
RUNNING: applywarp --ref=/user_data/csimmon2/sym_pt/sub-068/ses-03/anat/T1w_brain.nii.gz --in=/user_data/csimmon2/sym_pt/rois/lVentral.nii.gz --warp=/user_data/csimmon2/sym_pt/sub-068/ses-03/anat/mni_to_native_warp.nii.gz --out=/user_data/csimmon2/sym_pt/sub-068/ses-03/derivatives/rois/lVentral.nii.gz --interp=nn
  Warping lLO...
RUNNING: applywarp --ref=/user_data/csimmon2/sym_pt/sub-068/ses-03/anat/T1w_brain.nii.gz --in=/user_data/csimmon2/sym_pt/rois/lLO.nii.gz --warp=/user_data/csimmon2/sym_pt/sub-068/ses-03/anat/mni_to_native_warp.nii.gz --out=/user_data/csimmon2/sym_pt/sub-068/ses-03/derivatives/rois/lLO.nii.gz --interp=nn
  Warping rLO...
RUNNING: applywarp --ref=/user_data/csimmon2/sym_pt/sub-068/ses-03/anat/T1w_brain.nii.gz --in=/user_data/csimmon2/sym_pt/rois/rLO.nii.gz --warp=/user_data/csimmon2/sym_pt/sub-068/ses-03/anat/mni_to_native_warp.nii.gz --out=/user_data/csimmon2/sym_pt/sub-068/ses-03/derivatives/rois/rLO.nii.gz --interp=nn
  Warping parcel_rRSC...
RUNNING: applywarp --ref=/user_data/csimmon2/sym_pt/sub-068/ses-03/anat/T1w_brain.nii.gz --in=/user_data/csimmon2/sym_pt/rois/parcel_rRSC.nii.gz --warp=/user_data/csimmon2/sym_pt/sub-068/ses-03/anat/mni_to_native_warp.nii.gz --out=/user_data/csimmon2/sym_pt/sub-068/ses-03/derivatives/rois/parcel_rRSC.nii.gz --interp=nn
  Warping infantOFA...
RUNNING: applywarp --ref=/user_data/csimmon2/sym_pt/sub-068/ses-03/anat/T1w_brain.nii.gz --in=/user_data/csimmon2/sym_pt/rois/infantOFA.nii.gz --warp=/user_data/csimmon2/sym_pt/sub-068/ses-03/anat/mni_to_native_warp.nii.gz --out=/user_data/csimmon2/sym_pt/sub-068/ses-03/derivatives/rois/infantOFA.nii.gz --interp=nn
  Warping rPFS...
RUNNING: applywarp --ref=/user_data/csimmon2/sym_pt/sub-068/ses-03/anat/T1w_brain.nii.gz --in=/user_data/csimmon2/sym_pt/rois/rPFS.nii.gz --warp=/user_data/csimmon2/sym_pt/sub-068/ses-03/anat/mni_to_native_warp.nii.gz --out=/user_data/csimmon2/sym_pt/sub-068/ses-03/derivatives/rois/rPFS.nii.gz --interp=nn
  Warping parcel_lOPA_1...
RUNNING: applywarp --ref=/user_data/csimmon2/sym_pt/sub-068/ses-03/anat/T1w_brain.nii.gz --in=/user_data/csimmon2/sym_pt/rois/parcel_lOPA_1.nii.gz --warp=/user_data/csimmon2/sym_pt/sub-068/ses-03/anat/mni_to_native_warp.nii.gz --out=/user_data/csimmon2/sym_pt/sub-068/ses-03/derivatives/rois/parcel_lOPA_1.nii.gz --interp=nn
  Warping infantFFA...
RUNNING: applywarp --ref=/user_data/csimmon2/sym_pt/sub-068/ses-03/anat/T1w_brain.nii.gz --in=/user_data/csimmon2/sym_pt/rois/infantFFA.nii.gz --warp=/user_data/csimmon2/sym_pt/sub-068/ses-03/anat/mni_to_native_warp.nii.gz --out=/user_data/csimmon2/sym_pt/sub-068/ses-03/derivatives/rois/infantFFA.nii.gz --interp=nn
  Warping parcel_rOPA...
RUNNING: applywarp --ref=/user_data/csimmon2/sym_pt/sub-068/ses-03/anat/T1w_brain.nii.gz --in=/user_data/csimmon2/sym_pt/rois/parcel_rOPA.nii.gz --warp=/user_data/csimmon2/sym_pt/sub-068/ses-03/anat/mni_to_native_warp.nii.gz --out=/user_data/csimmon2/sym_pt/sub-068/ses-03/derivatives/rois/parcel_rOPA.nii.gz --interp=nn
  Warping rVentral...
RUNNING: applywarp --ref=/user_data/csimmon2/sym_pt/sub-068/ses-03/anat/T1w_brain.nii.gz --in=/user_data/csimmon2/sym_pt/rois/rVentral.nii.gz --warp=/user_data/csimmon2/sym_pt/sub-068/ses-03/anat/mni_to_native_warp.nii.gz --out=/user_data/csimmon2/sym_pt/sub-068/ses-03/derivatives/rois/rVentral.nii.gz --interp=nn
  Warping rPPA...
RUNNING: applywarp --ref=/user_data/csimmon2/sym_pt/sub-068/ses-03/anat/T1w_brain.nii.gz --in=/user_data/csimmon2/sym_pt/rois/rPPA.nii.gz --warp=/user_data/csimmon2/sym_pt/sub-068/ses-03/anat/mni_to_native_warp.nii.gz --out=/user_data/csimmon2/sym_pt/sub-068/ses-03/derivatives/rois/rPPA.nii.gz --interp=nn
  Warping lDorsal...
RUNNING: applywarp --ref=/user_data/csimmon2/sym_pt/sub-068/ses-03/anat/T1w_brain.nii.gz --in=/user_data/csimmon2/sym_pt/rois/lDorsal.nii.gz --warp=/user_data/csimmon2/sym_pt/sub-068/ses-03/anat/mni_to_native_warp.nii.gz --out=/user_data/csimmon2/sym_pt/sub-068/ses-03/derivatives/rois/lDorsal.nii.gz --interp=nn
  Warping lFFA...
RUNNING: applywarp --ref=/user_data/csimmon2/sym_pt/sub-068/ses-03/anat/T1w_brain.nii.gz --in=/user_data/csimmon2/sym_pt/rois/lFFA.nii.gz --warp=/user_data/csimmon2/sym_pt/sub-068/ses-03/anat/mni_to_native_warp.nii.gz --out=/user_data/csimmon2/sym_pt/sub-068/ses-03/derivatives/rois/lFFA.nii.gz --interp=nn
