Processing 091 on mind-0-15

--- Staging ROIs from /user_data/csimmon2/git_repos/long_pt/roiParcels ---
  Copied 0 new ROI files
--- SINGLE SUBJECT: 091 ---

============================================================
  sub-091  ses-01  (PATIENT)
  intact_hemi: left
============================================================
  Copying T1 from /lab_data/behrmannlab/hemi/Raw/sub-091/ses-01/anat/sub-091_ses-01_T1w.nii.gz
  Skull stripping (BET -R -B -m)...
  CMD: bet /user_data/csimmon2/sym_pt/sub-091/ses-01/anat/T1w.nii.gz /user_data/csimmon2/sym_pt/sub-091/ses-01/anat/T1w_brain.nii.gz -R -B -m
  Creating mirror brain (intact hemi: left)
  Mirror brain created
  FLIRT: mirror -> MNI
  CMD: flirt -in /user_data/csimmon2/sym_pt/sub-091/ses-01/anat/T1w_brain_mirrored.nii.gz -ref /opt/fsl/6.0.3/data/standard/MNI152_T1_2mm_brain.nii.gz -omat /user_data/csimmon2/sym_pt/sub-091/ses-01/anat/anat2stand.mat -bins 256 -cost corratio -searchrx -90 90 -searchry -90 90 -searchrz -90 90 -dof 12
  Applying transform to original brain...
  CMD: flirt -in /user_data/csimmon2/sym_pt/sub-091/ses-01/anat/T1w_brain.nii.gz -ref /opt/fsl/6.0.3/data/standard/MNI152_T1_2mm_brain.nii.gz -out /user_data/csimmon2/sym_pt/sub-091/ses-01/anat/T1w_brain_stand.nii.gz -applyxfm -init /user_data/csimmon2/sym_pt/sub-091/ses-01/anat/anat2stand.mat -interp trilinear
  Inverting anat2stand.mat...
  CMD: convert_xfm -omat /user_data/csimmon2/sym_pt/sub-091/ses-01/anat/mni2anat.mat -inverse /user_data/csimmon2/sym_pt/sub-091/ses-01/anat/anat2stand.mat
  Warping rFFA...
  CMD: flirt -in /user_data/csimmon2/sym_pt/rois/rFFA.nii.gz -ref /user_data/csimmon2/sym_pt/sub-091/ses-01/anat/T1w_brain.nii.gz -out /user_data/csimmon2/sym_pt/sub-091/ses-01/derivatives/rois/rFFA.nii.gz -applyxfm -init /user_data/csimmon2/sym_pt/sub-091/ses-01/anat/mni2anat.mat -interp trilinear
  CMD: fslmaths /user_data/csimmon2/sym_pt/sub-091/ses-01/derivatives/rois/rFFA.nii.gz -bin /user_data/csimmon2/sym_pt/sub-091/ses-01/derivatives/rois/rFFA.nii.gz
  Warping lPPA...
  CMD: flirt -in /user_data/csimmon2/sym_pt/rois/lPPA.nii.gz -ref /user_data/csimmon2/sym_pt/sub-091/ses-01/anat/T1w_brain.nii.gz -out /user_data/csimmon2/sym_pt/sub-091/ses-01/derivatives/rois/lPPA.nii.gz -applyxfm -init /user_data/csimmon2/sym_pt/sub-091/ses-01/anat/mni2anat.mat -interp trilinear
  CMD: fslmaths /user_data/csimmon2/sym_pt/sub-091/ses-01/derivatives/rois/lPPA.nii.gz -bin /user_data/csimmon2/sym_pt/sub-091/ses-01/derivatives/rois/lPPA.nii.gz
  Warping lLO...
  CMD: flirt -in /user_data/csimmon2/sym_pt/rois/lLO.nii.gz -ref /user_data/csimmon2/sym_pt/sub-091/ses-01/anat/T1w_brain.nii.gz -out /user_data/csimmon2/sym_pt/sub-091/ses-01/derivatives/rois/lLO.nii.gz -applyxfm -init /user_data/csimmon2/sym_pt/sub-091/ses-01/anat/mni2anat.mat -interp trilinear
  CMD: fslmaths /user_data/csimmon2/sym_pt/sub-091/ses-01/derivatives/rois/lLO.nii.gz -bin /user_data/csimmon2/sym_pt/sub-091/ses-01/derivatives/rois/lLO.nii.gz
  Warping rLO...
  CMD: flirt -in /user_data/csimmon2/sym_pt/rois/rLO.nii.gz -ref /user_data/csimmon2/sym_pt/sub-091/ses-01/anat/T1w_brain.nii.gz -out /user_data/csimmon2/sym_pt/sub-091/ses-01/derivatives/rois/rLO.nii.gz -applyxfm -init /user_data/csimmon2/sym_pt/sub-091/ses-01/anat/mni2anat.mat -interp trilinear
  CMD: fslmaths /user_data/csimmon2/sym_pt/sub-091/ses-01/derivatives/rois/rLO.nii.gz -bin /user_data/csimmon2/sym_pt/sub-091/ses-01/derivatives/rois/rLO.nii.gz
  Warping parcel_lOPA_1...
  CMD: flirt -in /user_data/csimmon2/sym_pt/rois/parcel_lOPA_1.nii.gz -ref /user_data/csimmon2/sym_pt/sub-091/ses-01/anat/T1w_brain.nii.gz -out /user_data/csimmon2/sym_pt/sub-091/ses-01/derivatives/rois/parcel_lOPA_1.nii.gz -applyxfm -init /user_data/csimmon2/sym_pt/sub-091/ses-01/anat/mni2anat.mat -interp trilinear
  CMD: fslmaths /user_data/csimmon2/sym_pt/sub-091/ses-01/derivatives/rois/parcel_lOPA_1.nii.gz -bin /user_data/csimmon2/sym_pt/sub-091/ses-01/derivatives/rois/parcel_lOPA_1.nii.gz
  Warping lVentral...
  CMD: flirt -in /user_data/csimmon2/sym_pt/rois/lVentral.nii.gz -ref /user_data/csimmon2/sym_pt/sub-091/ses-01/anat/T1w_brain.nii.gz -out /user_data/csimmon2/sym_pt/sub-091/ses-01/derivatives/rois/lVentral.nii.gz -applyxfm -init /user_data/csimmon2/sym_pt/sub-091/ses-01/anat/mni2anat.mat -interp trilinear
  CMD: fslmaths /user_data/csimmon2/sym_pt/sub-091/ses-01/derivatives/rois/lVentral.nii.gz -bin /user_data/csimmon2/sym_pt/sub-091/ses-01/derivatives/rois/lVentral.nii.gz
  Warping lDorsal...
  CMD: flirt -in /user_data/csimmon2/sym_pt/rois/lDorsal.nii.gz -ref /user_data/csimmon2/sym_pt/sub-091/ses-01/anat/T1w_brain.nii.gz -out /user_data/csimmon2/sym_pt/sub-091/ses-01/derivatives/rois/lDorsal.nii.gz -applyxfm -init /user_data/csimmon2/sym_pt/sub-091/ses-01/anat/mni2anat.mat -interp trilinear
  CMD: fslmaths /user_data/csimmon2/sym_pt/sub-091/ses-01/derivatives/rois/lDorsal.nii.gz -bin /user_data/csimmon2/sym_pt/sub-091/ses-01/derivatives/rois/lDorsal.nii.gz
  Warping parcel_lRSC...
  CMD: flirt -in /user_data/csimmon2/sym_pt/rois/parcel_lRSC.nii.gz -ref /user_data/csimmon2/sym_pt/sub-091/ses-01/anat/T1w_brain.nii.gz -out /user_data/csimmon2/sym_pt/sub-091/ses-01/derivatives/rois/parcel_lRSC.nii.gz -applyxfm -init /user_data/csimmon2/sym_pt/sub-091/ses-01/anat/mni2anat.mat -interp trilinear
  CMD: fslmaths /user_data/csimmon2/sym_pt/sub-091/ses-01/derivatives/rois/parcel_lRSC.nii.gz -bin /user_data/csimmon2/sym_pt/sub-091/ses-01/derivatives/rois/parcel_lRSC.nii.gz
  Warping lOPA...
  CMD: flirt -in /user_data/csimmon2/sym_pt/rois/lOPA.nii.gz -ref /user_data/csimmon2/sym_pt/sub-091/ses-01/anat/T1w_brain.nii.gz -out /user_data/csimmon2/sym_pt/sub-091/ses-01/derivatives/rois/lOPA.nii.gz -applyxfm -init /user_data/csimmon2/sym_pt/sub-091/ses-01/anat/mni2anat.mat -interp trilinear
  CMD: fslmaths /user_data/csimmon2/sym_pt/sub-091/ses-01/derivatives/rois/lOPA.nii.gz -bin /user_data/csimmon2/sym_pt/sub-091/ses-01/derivatives/rois/lOPA.nii.gz
  Warping lPFS...
  CMD: flirt -in /user_data/csimmon2/sym_pt/rois/lPFS.nii.gz -ref /user_data/csimmon2/sym_pt/sub-091/ses-01/anat/T1w_brain.nii.gz -out /user_data/csimmon2/sym_pt/sub-091/ses-01/derivatives/rois/lPFS.nii.gz -applyxfm -init /user_data/csimmon2/sym_pt/sub-091/ses-01/anat/mni2anat.mat -interp trilinear
  CMD: fslmaths /user_data/csimmon2/sym_pt/sub-091/ses-01/derivatives/rois/lPFS.nii.gz -bin /user_data/csimmon2/sym_pt/sub-091/ses-01/derivatives/rois/lPFS.nii.gz
  Warping rVentral...
  CMD: flirt -in /user_data/csimmon2/sym_pt/rois/rVentral.nii.gz -ref /user_data/csimmon2/sym_pt/sub-091/ses-01/anat/T1w_brain.nii.gz -out /user_data/csimmon2/sym_pt/sub-091/ses-01/derivatives/rois/rVentral.nii.gz -applyxfm -init /user_data/csimmon2/sym_pt/sub-091/ses-01/anat/mni2anat.mat -interp trilinear
  CMD: fslmaths /user_data/csimmon2/sym_pt/sub-091/ses-01/derivatives/rois/rVentral.nii.gz -bin /user_data/csimmon2/sym_pt/sub-091/ses-01/derivatives/rois/rVentral.nii.gz
  Warping rOFA...
  CMD: flirt -in /user_data/csimmon2/sym_pt/rois/rOFA.nii.gz -ref /user_data/csimmon2/sym_pt/sub-091/ses-01/anat/T1w_brain.nii.gz -out /user_data/csimmon2/sym_pt/sub-091/ses-01/derivatives/rois/rOFA.nii.gz -applyxfm -init /user_data/csimmon2/sym_pt/sub-091/ses-01/anat/mni2anat.mat -interp trilinear
  CMD: fslmaths /user_data/csimmon2/sym_pt/sub-091/ses-01/derivatives/rois/rOFA.nii.gz -bin /user_data/csimmon2/sym_pt/sub-091/ses-01/derivatives/rois/rOFA.nii.gz
  Warping rLO2...
  CMD: flirt -in /user_data/csimmon2/sym_pt/rois/rLO2.nii.gz -ref /user_data/csimmon2/sym_pt/sub-091/ses-01/anat/T1w_brain.nii.gz -out /user_data/csimmon2/sym_pt/sub-091/ses-01/derivatives/rois/rLO2.nii.gz -applyxfm -init /user_data/csimmon2/sym_pt/sub-091/ses-01/anat/mni2anat.mat -interp trilinear
  CMD: fslmaths /user_data/csimmon2/sym_pt/sub-091/ses-01/derivatives/rois/rLO2.nii.gz -bin /user_data/csimmon2/sym_pt/sub-091/ses-01/derivatives/rois/rLO2.nii.gz
  Warping lLO1...
  CMD: flirt -in /user_data/csimmon2/sym_pt/rois/lLO1.nii.gz -ref /user_data/csimmon2/sym_pt/sub-091/ses-01/anat/T1w_brain.nii.gz -out /user_data/csimmon2/sym_pt/sub-091/ses-01/derivatives/rois/lLO1.nii.gz -applyxfm -init /user_data/csimmon2/sym_pt/sub-091/ses-01/anat/mni2anat.mat -interp trilinear
  CMD: fslmaths /user_data/csimmon2/sym_pt/sub-091/ses-01/derivatives/rois/lLO1.nii.gz -bin /user_data/csimmon2/sym_pt/sub-091/ses-01/derivatives/rois/lLO1.nii.gz
  Warping LO...
  CMD: flirt -in /user_data/csimmon2/sym_pt/rois/LO.nii.gz -ref /user_data/csimmon2/sym_pt/sub-091/ses-01/anat/T1w_brain.nii.gz -out /user_data/csimmon2/sym_pt/sub-091/ses-01/derivatives/rois/LO.nii.gz -applyxfm -init /user_data/csimmon2/sym_pt/sub-091/ses-01/anat/mni2anat.mat -interp trilinear
  CMD: fslmaths /user_data/csimmon2/sym_pt/sub-091/ses-01/derivatives/rois/LO.nii.gz -bin /user_data/csimmon2/sym_pt/sub-091/ses-01/derivatives/rois/LO.nii.gz
  Warping lOFA...
  CMD: flirt -in /user_data/csimmon2/sym_pt/rois/lOFA.nii.gz -ref /user_data/csimmon2/sym_pt/sub-091/ses-01/anat/T1w_brain.nii.gz -out /user_data/csimmon2/sym_pt/sub-091/ses-01/derivatives/rois/lOFA.nii.gz -applyxfm -init /user_data/csimmon2/sym_pt/sub-091/ses-01/anat/mni2anat.mat -interp trilinear
  CMD: fslmaths /user_data/csimmon2/sym_pt/sub-091/ses-01/derivatives/rois/lOFA.nii.gz -bin /user_data/csimmon2/sym_pt/sub-091/ses-01/derivatives/rois/lOFA.nii.gz
  Warping lLO2...
  CMD: flirt -in /user_data/csimmon2/sym_pt/rois/lLO2.nii.gz -ref /user_data/csimmon2/sym_pt/sub-091/ses-01/anat/T1w_brain.nii.gz -out /user_data/csimmon2/sym_pt/sub-091/ses-01/derivatives/rois/lLO2.nii.gz -applyxfm -init /user_data/csimmon2/sym_pt/sub-091/ses-01/anat/mni2anat.mat -interp trilinear
  CMD: fslmaths /user_data/csimmon2/sym_pt/sub-091/ses-01/derivatives/rois/lLO2.nii.gz -bin /user_data/csimmon2/sym_pt/sub-091/ses-01/derivatives/rois/lLO2.nii.gz
  Warping PFS...
  CMD: flirt -in /user_data/csimmon2/sym_pt/rois/PFS.nii.gz -ref /user_data/csimmon2/sym_pt/sub-091/ses-01/anat/T1w_brain.nii.gz -out /user_data/csimmon2/sym_pt/sub-091/ses-01/derivatives/rois/PFS.nii.gz -applyxfm -init /user_data/csimmon2/sym_pt/sub-091/ses-01/anat/mni2anat.mat -interp trilinear
  CMD: fslmaths /user_data/csimmon2/sym_pt/sub-091/ses-01/derivatives/rois/PFS.nii.gz -bin /user_data/csimmon2/sym_pt/sub-091/ses-01/derivatives/rois/PFS.nii.gz
  Warping rLO1...
  CMD: flirt -in /user_data/csimmon2/sym_pt/rois/rLO1.nii.gz -ref /user_data/csimmon2/sym_pt/sub-091/ses-01/anat/T1w_brain.nii.gz -out /user_data/csimmon2/sym_pt/sub-091/ses-01/derivatives/rois/rLO1.nii.gz -applyxfm -init /user_data/csimmon2/sym_pt/sub-091/ses-01/anat/mni2anat.mat -interp trilinear
  CMD: fslmaths /user_data/csimmon2/sym_pt/sub-091/ses-01/derivatives/rois/rLO1.nii.gz -bin /user_data/csimmon2/sym_pt/sub-091/ses-01/derivatives/rois/rLO1.nii.gz
  Warping rDorsal...
  CMD: flirt -in /user_data/csimmon2/sym_pt/rois/rDorsal.nii.gz -ref /user_data/csimmon2/sym_pt/sub-091/ses-01/anat/T1w_brain.nii.gz -out /user_data/csimmon2/sym_pt/sub-091/ses-01/derivatives/rois/rDorsal.nii.gz -applyxfm -init /user_data/csimmon2/sym_pt/sub-091/ses-01/anat/mni2anat.mat -interp trilinear
  CMD: fslmaths /user_data/csimmon2/sym_pt/sub-091/ses-01/derivatives/rois/rDorsal.nii.gz -bin /user_data/csimmon2/sym_pt/sub-091/ses-01/derivatives/rois/rDorsal.nii.gz
  Warping parcel_rRSC...
  CMD: flirt -in /user_data/csimmon2/sym_pt/rois/parcel_rRSC.nii.gz -ref /user_data/csimmon2/sym_pt/sub-091/ses-01/anat/T1w_brain.nii.gz -out /user_data/csimmon2/sym_pt/sub-091/ses-01/derivatives/rois/parcel_rRSC.nii.gz -applyxfm -init /user_data/csimmon2/sym_pt/sub-091/ses-01/anat/mni2anat.mat -interp trilinear
  CMD: fslmaths /user_data/csimmon2/sym_pt/sub-091/ses-01/derivatives/rois/parcel_rRSC.nii.gz -bin /user_data/csimmon2/sym_pt/sub-091/ses-01/derivatives/rois/parcel_rRSC.nii.gz
  Warping rPFS...
  CMD: flirt -in /user_data/csimmon2/sym_pt/rois/rPFS.nii.gz -ref /user_data/csimmon2/sym_pt/sub-091/ses-01/anat/T1w_brain.nii.gz -out /user_data/csimmon2/sym_pt/sub-091/ses-01/derivatives/rois/rPFS.nii.gz -applyxfm -init /user_data/csimmon2/sym_pt/sub-091/ses-01/anat/mni2anat.mat -interp trilinear
  CMD: fslmaths /user_data/csimmon2/sym_pt/sub-091/ses-01/derivatives/rois/rPFS.nii.gz -bin /user_data/csimmon2/sym_pt/sub-091/ses-01/derivatives/rois/rPFS.nii.gz
  Warping infantOFA...
  CMD: flirt -in /user_data/csimmon2/sym_pt/rois/infantOFA.nii.gz -ref /user_data/csimmon2/sym_pt/sub-091/ses-01/anat/T1w_brain.nii.gz -out /user_data/csimmon2/sym_pt/sub-091/ses-01/derivatives/rois/infantOFA.nii.gz -applyxfm -init /user_data/csimmon2/sym_pt/sub-091/ses-01/anat/mni2anat.mat -interp trilinear
  CMD: fslmaths /user_data/csimmon2/sym_pt/sub-091/ses-01/derivatives/rois/infantOFA.nii.gz -bin /user_data/csimmon2/sym_pt/sub-091/ses-01/derivatives/rois/infantOFA.nii.gz
  Warping infantFFA...
  CMD: flirt -in /user_data/csimmon2/sym_pt/rois/infantFFA.nii.gz -ref /user_data/csimmon2/sym_pt/sub-091/ses-01/anat/T1w_brain.nii.gz -out /user_data/csimmon2/sym_pt/sub-091/ses-01/derivatives/rois/infantFFA.nii.gz -applyxfm -init /user_data/csimmon2/sym_pt/sub-091/ses-01/anat/mni2anat.mat -interp trilinear
  CMD: fslmaths /user_data/csimmon2/sym_pt/sub-091/ses-01/derivatives/rois/infantFFA.nii.gz -bin /user_data/csimmon2/sym_pt/sub-091/ses-01/derivatives/rois/infantFFA.nii.gz
  Warping parcel_lOPA_2...
  CMD: flirt -in /user_data/csimmon2/sym_pt/rois/parcel_lOPA_2.nii.gz -ref /user_data/csimmon2/sym_pt/sub-091/ses-01/anat/T1w_brain.nii.gz -out /user_data/csimmon2/sym_pt/sub-091/ses-01/derivatives/rois/parcel_lOPA_2.nii.gz -applyxfm -init /user_data/csimmon2/sym_pt/sub-091/ses-01/anat/mni2anat.mat -interp trilinear
  CMD: fslmaths /user_data/csimmon2/sym_pt/sub-091/ses-01/derivatives/rois/parcel_lOPA_2.nii.gz -bin /user_data/csimmon2/sym_pt/sub-091/ses-01/derivatives/rois/parcel_lOPA_2.nii.gz
  Warping parcel_rOPA...
  CMD: flirt -in /user_data/csimmon2/sym_pt/rois/parcel_rOPA.nii.gz -ref /user_data/csimmon2/sym_pt/sub-091/ses-01/anat/T1w_brain.nii.gz -out /user_data/csimmon2/sym_pt/sub-091/ses-01/derivatives/rois/parcel_rOPA.nii.gz -applyxfm -init /user_data/csimmon2/sym_pt/sub-091/ses-01/anat/mni2anat.mat -interp trilinear
  CMD: fslmaths /user_data/csimmon2/sym_pt/sub-091/ses-01/derivatives/rois/parcel_rOPA.nii.gz -bin /user_data/csimmon2/sym_pt/sub-091/ses-01/derivatives/rois/parcel_rOPA.nii.gz
  Warping lFFA...
  CMD: flirt -in /user_data/csimmon2/sym_pt/rois/lFFA.nii.gz -ref /user_data/csimmon2/sym_pt/sub-091/ses-01/anat/T1w_brain.nii.gz -out /user_data/csimmon2/sym_pt/sub-091/ses-01/derivatives/rois/lFFA.nii.gz -applyxfm -init /user_data/csimmon2/sym_pt/sub-091/ses-01/anat/mni2anat.mat -interp trilinear
  CMD: fslmaths /user_data/csimmon2/sym_pt/sub-091/ses-01/derivatives/rois/lFFA.nii.gz -bin /user_data/csimmon2/sym_pt/sub-091/ses-01/derivatives/rois/lFFA.nii.gz
  Warping rPPA...
  CMD: flirt -in /user_data/csimmon2/sym_pt/rois/rPPA.nii.gz -ref /user_data/csimmon2/sym_pt/sub-091/ses-01/anat/T1w_brain.nii.gz -out /user_data/csimmon2/sym_pt/sub-091/ses-01/derivatives/rois/rPPA.nii.gz -applyxfm -init /user_data/csimmon2/sym_pt/sub-091/ses-01/anat/mni2anat.mat -interp trilinear
  CMD: fslmaths /user_data/csimmon2/sym_pt/sub-091/ses-01/derivatives/rois/rPPA.nii.gz -bin /user_data/csimmon2/sym_pt/sub-091/ses-01/derivatives/rois/rPPA.nii.gz
